Component: ARM Compiler 5.06 update 6 (build 750) Tool: armlink [4d35ed]

==============================================================================

Section Cross References

    main.o(i.app_Init) refers to bsp.o(i.bsp_Init) for bsp_Init
    main.o(i.app_Init) refers to driver.o(i.driver_Init) for driver_Init
    main.o(i.app_Init) refers to app.o(i.app_ParameterInit) for app_ParameterInit
    main.o(i.app_Init) refers to gui.o(i.GUI_Init) for GUI_Init
    main.o(i.app_Init) refers to app_findfire.o(i.appfindFire_Init) for appfindFire_Init
    main.o(i.app_Init) refers to app_walk.o(i.app_walkTaskInit) for app_walkTaskInit
    main.o(i.app_Init) refers to app_echo.o(i.app_echoInit) for app_echoInit
    main.o(i.app_Init) refers to app_work.o(i.app_WorkTaskInit) for app_WorkTaskInit
    main.o(i.app_Init) refers to app_input.o(i.app_inputTaskInit) for app_inputTaskInit
    main.o(i.main) refers to main.o(i.app_Init) for app_Init
    main.o(i.main) refers to tasks.o(i.vTaskStartScheduler) for vTaskStartScheduler
    gui.o(i.GUIUpdate) refers to tasks.o(i.xTaskGetTickCount) for xTaskGetTickCount
    gui.o(i.GUIUpdate) refers to tasks.o(i.vTaskDelayUntil) for vTaskDelayUntil
    gui.o(i.GUIUpdate) refers to dadd.o(.text) for __aeabi_dadd
    gui.o(i.GUIUpdate) refers to gui_oled.o(i.menuUpdate) for menuUpdate
    gui.o(i.GUIUpdate) refers to gui.o(.data) for .data
    gui.o(i.GUI_Init) refers to gui.o(i.GUI_OLEDInit) for GUI_OLEDInit
    gui.o(i.GUI_Init) refers to tasks.o(i.xTaskGenericCreate) for xTaskGenericCreate
    gui.o(i.GUI_Init) refers to gui.o(.bss) for .bss
    gui.o(i.GUI_Init) refers to gui.o(i.GUIUpdate) for GUIUpdate
    gui.o(i.GUI_OLEDInit) refers to gui_oled.o(i.menuInit) for menuInit
    gui.o(i.resetGUIState) refers to gui.o(.bss) for .bss
    gui.o(i.resetGUIState) refers to gui_oled.o(.data) for currentMenu
    gui.o(i.saveGUIFinish) refers to gui.o(.bss) for .bss
    gui.o(i.saveGUIFinish) refers to gui_oled.o(.data) for currentMenu
    gui_oled.o(i.OLEDKeyNoReset) refers to gui.o(.bss) for GUI
    gui_oled.o(i.adFunction) refers to gui_oled.o(i.adShowData) for adShowData
    gui_oled.o(i.adFunction) refers to driver_oled.o(i.OLED_ShowString) for OLED_ShowString
    gui_oled.o(i.adFunction) refers to gui_oled.o(.data) for .data
    gui_oled.o(i.adFunction) refers to app.o(.bss) for outfireRobotState
    gui_oled.o(i.adFunction) refers to app_findfire.o(.data) for adcTestData
    gui_oled.o(i.adShowData) refers to ffixui.o(.text) for __aeabi_f2uiz
    gui_oled.o(i.adShowData) refers to driver_oled.o(i.OLED_ShowNum) for OLED_ShowNum
    gui_oled.o(i.backHandle) refers to gui_oled.o(i.OLEDKeyNoReset) for OLEDKeyNoReset
    gui_oled.o(i.backHandle) refers to gui_oled.o(i.backOn) for backOn
    gui_oled.o(i.backHandle) refers to gui_oled.o(.data) for .data
    gui_oled.o(i.backHandle) refers to gui.o(.bss) for GUI
    gui_oled.o(i.backOn) refers to gui_oled.o(i.menuReset) for menuReset
    gui_oled.o(i.backOn) refers to gui.o(i.resetGUIState) for resetGUIState
    gui_oled.o(i.backOn) refers to gui_oled.o(.data) for .data
    gui_oled.o(i.downHandle) refers to gui_oled.o(i.OLEDKeyNoReset) for OLEDKeyNoReset
    gui_oled.o(i.downHandle) refers to gui_oled.o(.data) for .data
    gui_oled.o(i.downHandle) refers to gui.o(.bss) for GUI
    gui_oled.o(i.enterHandle) refers to gui_oled.o(i.OLEDKeyNoReset) for OLEDKeyNoReset
    gui_oled.o(i.enterHandle) refers to gui_oled.o(i.enterOn) for enterOn
    gui_oled.o(i.enterHandle) refers to gui_oled.o(.data) for .data
    gui_oled.o(i.enterHandle) refers to gui.o(.bss) for GUI
    gui_oled.o(i.enterOn) refers to gui_oled.o(.data) for .data
    gui_oled.o(i.fanTest) refers to driver_oled.o(i.OLED_Clear) for OLED_Clear
    gui_oled.o(i.fanTest) refers to driver_oled.o(i.OLED_ShowString) for OLED_ShowString
    gui_oled.o(i.fanTest) refers to gui_oled.o(.data) for .data
    gui_oled.o(i.fireChoose) refers to driver_oled.o(i.OLED_Clear) for OLED_Clear
    gui_oled.o(i.fireChoose) refers to driver_oled.o(i.OLED_ShowString) for OLED_ShowString
    gui_oled.o(i.fireChoose) refers to gui_oled.o(.data) for .data
    gui_oled.o(i.fireChoose) refers to app_work.o(.data) for robotSelect
    gui_oled.o(i.fireChoose) refers to app.o(.bss) for outfireRobotState
    gui_oled.o(i.fireChoose) refers to app.o(.bss) for rescueRobotState
    gui_oled.o(i.fuctionParameterCalibration) refers to driver_oled.o(i.OLED_Clear) for OLED_Clear
    gui_oled.o(i.fuctionParameterCalibration) refers to ffixui.o(.text) for __aeabi_f2uiz
    gui_oled.o(i.fuctionParameterCalibration) refers to app_flash.o(i.app_FlashWriteUdata) for app_FlashWriteUdata
    gui_oled.o(i.fuctionParameterCalibration) refers to gui.o(i.saveGUIFinish) for saveGUIFinish
    gui_oled.o(i.fuctionParameterCalibration) refers to gui_oled.o(.data) for .data
    gui_oled.o(i.menuInit) refers to malloc.o(i.malloc) for malloc
    gui_oled.o(i.menuInit) refers to driver_oled.o(i.OLED_ShowChar) for OLED_ShowChar
[...]
    .data                                    0x20000000   Section        8  gui.o(.data)
    .data                                    0x20000008   Section       24  gui_oled.o(.data)
    incrementMin                             0x20000008   Data           1  gui_oled.o(.data)
    incrementMiddle                          0x20000009   Data           1  gui_oled.o(.data)
    incrementMax                             0x2000000a   Data           1  gui_oled.o(.data)
    realParameter                            0x20000010   Data           4  gui_oled.o(.data)
    .data                                    0x20000020   Section        1  app.o(.data)
    .data                                    0x20000021   Section        1  app_walk.o(.data)
    .data                                    0x20000024   Section        4  app_walk.o(.data)
    .data                                    0x20000028   Section        1  app_work.o(.data)
    .data                                    0x2000002c   Section        8  app_echo.o(.data)
    .data                                    0x20000034   Section        8  app_findfire.o(.data)
    .data                                    0x2000003c   Section        5  driver_photoelectric_switch.o(.data)
    .data                                    0x20000041   Section        1  driver_key.o(.data)
    keyPress                                 0x20000041   Data           1  driver_key.o(.data)
    .data                                    0x20000042   Section        1  driver_echo.o(.data)
    .data                                    0x20000043   Section        1  hj_usart_irq.o(.data)
    .data                                    0x20000044   Section       20  stm32f10x_rcc.o(.data)
    ADCPrescTable                            0x20000044   Data           4  stm32f10x_rcc.o(.data)
    APBAHBPrescTable                         0x20000048   Data          16  stm32f10x_rcc.o(.data)
    .data                                    0x20000058   Section       56  tasks.o(.data)
    uxTasksDeleted                           0x2000005c   Data           4  tasks.o(.data)
    uxCurrentNumberOfTasks                   0x20000060   Data           4  tasks.o(.data)
    xTickCount                               0x20000064   Data           4  tasks.o(.data)
    uxTopReadyPriority                       0x20000068   Data           4  tasks.o(.data)
    xSchedulerRunning                        0x2000006c   Data           4  tasks.o(.data)
    uxPendedTicks                            0x20000070   Data           4  tasks.o(.data)
    xYieldPending                            0x20000074   Data           4  tasks.o(.data)
    xNumOfOverflows                          0x20000078   Data           4  tasks.o(.data)
    uxTaskNumber                             0x2000007c   Data           4  tasks.o(.data)
    xNextTaskUnblockTime                     0x20000080   Data           4  tasks.o(.data)
    uxSchedulerSuspended                     0x20000084   Data           4  tasks.o(.data)
    pxDelayedTaskList                        0x20000088   Data           4  tasks.o(.data)
    pxOverflowDelayedTaskList                0x2000008c   Data           4  tasks.o(.data)
    .data                                    0x20000090   Section       12  port.o(.data)
    ucMaxSysCallPriority                     0x20000090   Data           1  port.o(.data)
    uxCriticalNesting                        0x20000094   Data           4  port.o(.data)
    ulMaxPRIGROUPValue                       0x20000098   Data           4  port.o(.data)
    .data                                    0x2000009c   Section       24  heap_4.o(.data)
    pxEnd                                    0x2000009c   Data           4  heap_4.o(.data)
    xFreeBytesRemaining                      0x200000a0   Data           4  heap_4.o(.data)
    xMinimumEverFreeBytesRemaining           0x200000a4   Data           4  heap_4.o(.data)
    xBlockAllocatedBit                       0x200000a8   Data           4  heap_4.o(.data)
    xStart                                   0x200000ac   Data           8  heap_4.o(.data)
    .data                                    0x200000b4   Section        4  mvars.o(.data)
    .data                                    0x200000b8   Section        4  mvars.o(.data)
    .bss                                     0x200000bc   Section       56  gui.o(.bss)
    .bss                                     0x200000f4   Section      960  gui_oled.o(.bss)
    .bss                                     0x200004b4   Section       34  app.o(.bss)
    .bss                                     0x200004d6   Section       15  app.o(.bss)
    .bss                                     0x200004e8   Section      116  app.o(.bss)
    .bss                                     0x2000055c   Section       12  app_walk.o(.bss)
    .bss                                     0x20000568   Section       12  app_input.o(.bss)
    .bss                                     0x20000574   Section       12  app_work.o(.bss)
    .bss                                     0x20000580   Section       12  app_echo.o(.bss)
    .bss                                     0x2000058c   Section       12  app_findfire.o(.bss)
    .bss                                     0x20000598   Section       12  driver_key.o(.bss)
    .bss                                     0x200005a4   Section      240  driver_echo.o(.bss)
    .bss                                     0x20000694   Section      296  driver_linearmovement.o(.bss)
    buf                                      0x20000694   Data          40  driver_linearmovement.o(.bss)
    .bss                                     0x200007bc   Section      260  tasks.o(.bss)
    pxReadyTasksLists                        0x200007bc   Data         160  tasks.o(.bss)
    xDelayedTaskList1                        0x2000085c   Data          20  tasks.o(.bss)
    xDelayedTaskList2                        0x20000870   Data          20  tasks.o(.bss)
    xPendingReadyList                        0x20000884   Data          20  tasks.o(.bss)
    xTasksWaitingTermination                 0x20000898   Data          20  tasks.o(.bss)
    xSuspendedTaskList                       0x200008ac   Data          20  tasks.o(.bss)
    .bss                                     0x200008c0   Section    25600  heap_4.o(.bss)
    ucHeap                                   0x200008c0   Data       25600  heap_4.o(.bss)
    HEAP                                     0x20006cc0   Section      512  startup_stm32f10x_cl.o(HEAP)
    STACK                                    0x20006ec0   Section     1024  startup_stm32f10x_cl.o(STACK)

    Global Symbols

    Symbol Name                              Value     Ov Type        Size  Object(Section)

    BuildAttributes$$THM_ISAv4$P$D$K$B$S$PE$A:L22UL41UL21$X:L11$S22US41US21$IEEE1$IW$USESV6$~STKCKD$USESV7$~SHL$OTIME$ROPI$EBA8$MICROLIB$REQ8$PRES8$EABIv2 0x00000000   Number         0  anon$$obj.o ABSOLUTE
    __ARM_use_no_argv                        0x00000000   Number         0  main.o ABSOLUTE
    __cpp_initialize__aeabi_                  - Undefined Weak Reference
    __cxa_finalize                            - Undefined Weak Reference
    __decompress                              - Undefined Weak Reference
    _clock_init                               - Undefined Weak Reference
    _microlib_exit                            - Undefined Weak Reference
    __Vectors_Size                           0x00000150   Number         0  startup_stm32f10x_cl.o ABSOLUTE
    __Vectors                                0x08000000   Data           4  startup_stm32f10x_cl.o(RESET)
    __Vectors_End                            0x08000150   Data           0  startup_stm32f10x_cl.o(RESET)
    __main                                   0x08000151   Thumb Code     0  entry.o(.ARM.Collect$$$$00000000)
    _main_stk                                0x08000151   Thumb Code     0  entry2.o(.ARM.Collect$$$$00000001)
    _main_scatterload                        0x08000155   Thumb Code     0  entry5.o(.ARM.Collect$$$$00000004)
    __main_after_scatterload                 0x08000159   Thumb Code     0  entry5.o(.ARM.Collect$$$$00000004)
    _main_clock                              0x08000159   Thumb Code     0  entry7b.o(.ARM.Collect$$$$00000008)
    _main_cpp_init                           0x08000159   Thumb Code     0  entry8b.o(.ARM.Collect$$$$0000000A)
    _main_init                               0x08000159   Thumb Code     0  entry9a.o(.ARM.Collect$$$$0000000B)
    __rt_final_cpp                           0x08000161   Thumb Code     0  entry10a.o(.ARM.Collect$$$$0000000D)
    __rt_final_exit                          0x08000161   Thumb Code     0  entry11a.o(.ARM.Collect$$$$0000000F)
    SVC_Handler                              0x08000165   Thumb Code    32  port.o(.emb_text)
    __asm___6_port_c_39a90d8d__prvStartFirstTask 0x08000189   Thumb Code    28  port.o(.emb_text)
    PendSV_Handler                           0x080001a9   Thumb Code    64  port.o(.emb_text)
    ulPortSetInterruptMask                   0x080001ed   Thumb Code    14  port.o(.emb_text)
    vPortClearInterruptMask                  0x080001fb   Thumb Code     6  port.o(.emb_text)
    vPortGetIPSR                             0x08000201   Thumb Code     6  port.o(.emb_text)
    Reset_Handler                            0x08000209   Thumb Code     8  startup_stm32f10x_cl.o(.text)
    ADC1_2_IRQHandler                        0x08000223   Thumb Code     0  startup_stm32f10x_cl.o(.text)
    CAN1_RX0_IRQHandler                      0x08000223   Thumb Code     0  startup_stm32f10x_cl.o(.text)
    CAN1_RX1_IRQHandler                      0x08000223   Thumb Code     0  startup_stm32f10x_cl.o(.text)
    CAN1_SCE_IRQHandler                      0x08000223   Thumb Code     0  startup_stm32f10x_cl.o(.text)
    CAN1_TX_IRQHandler                       0x08000223   Thumb Code     0  startup_stm32f10x_cl.o(.text)
    CAN2_RX0_IRQHandler                      0x08000223   Thumb Code     0  startup_stm32f10x_cl.o(.text)
    CAN2_RX1_IRQHandler                      0x08000223   Thumb Code     0  startup_stm32f10x_cl.o(.text)
    CAN2_SCE_IRQHandler                      0x08000223   Thumb Code     0  startup_stm32f10x_cl.o(.text)
    CAN2_TX_IRQHandler                       0x08000223   Thumb Code     0  startup_stm32f10x_cl.o(.text)
    DMA1_Channel1_IRQHandler                 0x08000223   Thumb Code     0  startup_stm32f10x_cl.o(.text)
    DMA1_Channel2_IRQHandler                 0x08000223   Thumb Code     0  startup_stm32f10x_cl.o(.text)
    DMA1_Channel3_IRQHandler                 0x08000223   Thumb Code     0  startup_stm32f10x_cl.o(.text)
    DMA1_Channel4_IRQHandler                 0x08000223   Thumb Code     0  startup_stm32f10x_cl.o(.text)
    DMA1_Channel5_IRQHandler                 0x08000223   Thumb Code     0  startup_stm32f10x_cl.o(.text)
    DMA1_Channel6_IRQHandler                 0x08000223   Thumb Code     0  startup_stm32f10x_cl.o(.text)
    DMA1_Channel7_IRQHandler                 0x08000223   Thumb Code     0  startup_stm32f10x_cl.o(.text)
    DMA2_Channel1_IRQHandler                 0x08000223   Thumb Code     0  startup_stm32f10x_cl.o(.text)
    DMA2_Channel2_IRQHandler                 0x08000223   Thumb Code     0  startup_stm32f10x_cl.o(.text)
    DMA2_Channel3_IRQHandler                 0x08000223   Thumb Code     0  startup_stm32f10x_cl.o(.text)
    DMA2_Channel4_IRQHandler                 0x08000223   Thumb Code     0  startup_stm32f10x_cl.o(.text)
    DMA2_Channel5_IRQHandler                 0x08000223   Thumb Code     0  startup_stm32f10x_cl.o(.text)
    ETH_IRQHandler                           0x08000223   Thumb Code     0  startup_stm32f10x_cl.o(.text)
    ETH_WKUP_IRQHandler                      0x08000223   Thumb Code     0  startup_stm32f10x_cl.o(.text)
    EXTI0_IRQHandler                         0x08000223   Thumb Code     0  startup_stm32f10x_cl.o(.text)
    EXTI15_10_IRQHandler                     0x08000223   Thumb Code     0  startup_stm32f10x_cl.o(.text)
    EXTI1_IRQHandler                         0x08000223   Thumb Code     0  startup_stm32f10x_cl.o(.text)
    EXTI2_IRQHandler                         0x08000223   Thumb Code     0  startup_stm32f10x_cl.o(.text)
    EXTI3_IRQHandler                         0x08000223   Thumb Code     0  startup_stm32f10x_cl.o(.text)
    FLASH_IRQHandler                         0x08000223   Thumb Code     0  startup_stm32f10x_cl.o(.text)
    I2C1_ER_IRQHandler                       0x08000223   Thumb Code     0  startup_stm32f10x_cl.o(.text)
    I2C1_EV_IRQHandler                       0x08000223   Thumb Code     0  startup_stm32f10x_cl.o(.text)
    I2C2_ER_IRQHandler                       0x08000223   Thumb Code     0  startup_stm32f10x_cl.o(.text)
    I2C2_EV_IRQHandler                       0x08000223   Thumb Code     0  startup_stm32f10x_cl.o(.text)
    OTG_FS_IRQHandler                        0x08000223   Thumb Code     0  startup_stm32f10x_cl.o(.text)
    OTG_FS_WKUP_IRQHandler                   0x08000223   Thumb Code     0  startup_stm32f10x_cl.o(.text)
    PVD_IRQHandler                           0x08000223   Thumb Code     0  startup_stm32f10x_cl.o(.text)
    RCC_IRQHandler                           0x08000223   Thumb Code     0  startup_stm32f10x_cl.o(.text)
    RTCAlarm_IRQHandler                      0x08000223   Thumb Code     0  startup_stm32f10x_cl.o(.text)
    RTC_IRQHandler                           0x08000223   Thumb Code     0  startup_stm32f10x_cl.o(.text)
    SPI1_IRQHandler                          0x08000223   Thumb Code     0  startup_stm32f10x_cl.o(.text)
    SPI2_IRQHandler                          0x08000223   Thumb Code     0  startup_stm32f10x_cl.o(.text)
    SPI3_IRQHandler                          0x08000223   Thumb Code     0  startup_stm32f10x_cl.o(.text)
    TAMPER_IRQHandler                        0x08000223   Thumb Code     0  startup_stm32f10x_cl.o(.text)
    TIM1_BRK_IRQHandler                      0x08000223   Thumb Code     0  startup_stm32f10x_cl.o(.text)
    TIM1_CC_IRQHandler                       0x08000223   Thumb Code     0  startup_stm32f10x_cl.o(.text)
    TIM1_TRG_COM_IRQHandler                  0x08000223   Thumb Code     0  startup_stm32f10x_cl.o(.text)
    TIM1_UP_IRQHandler                       0x08000223   Thumb Code     0  startup_stm32f10x_cl.o(.text)
    TIM2_IRQHandler                          0x08000223   Thumb Code     0  startup_stm32f10x_cl.o(.text)
    TIM3_IRQHandler                          0x08000223   Thumb Code     0  startup_stm32f10x_cl.o(.text)
    TIM5_IRQHandler                          0x08000223   Thumb Code     0  startup_stm32f10x_cl.o(.text)
    TIM6_IRQHandler                          0x08000223   Thumb Code     0  startup_stm32f10x_cl.o(.text)
    TIM7_IRQHandler                          0x08000223   Thumb Code     0  startup_stm32f10x_cl.o(.text)
    UART4_IRQHandler                         0x08000223   Thumb Code     0  startup_stm32f10x_cl.o(.text)
    UART5_IRQHandler                         0x08000223   Thumb Code     0  startup_stm32f10x_cl.o(.text)
    USART2_IRQHandler                        0x08000223   Thumb Code     0  startup_stm32f10x_cl.o(.text)
    USART3_IRQHandler                        0x08000223   Thumb Code     0  startup_stm32f10x_cl.o(.text)
    WWDG_IRQHandler                          0x08000223   Thumb Code     0  startup_stm32f10x_cl.o(.text)
    __aeabi_fadd                             0x0800022d   Thumb Code   164  fadd.o(.text)
    __aeabi_fsub                             0x080002d1   Thumb Code     6  fadd.o(.text)
    __aeabi_frsub                            0x080002d7   Thumb Code     6  fadd.o(.text)
    __aeabi_fmul                             0x080002dd   Thumb Code   100  fmul.o(.text)
    __ARM_scalbnf                            0x08000341   Thumb Code    24  fscalb.o(.text)
    scalbnf                                  0x08000341   Thumb Code     0  fscalb.o(.text)
    __aeabi_dadd                             0x08000359   Thumb Code   322  dadd.o(.text)
    __aeabi_dsub                             0x0800049b   Thumb Code     6  dadd.o(.text)
    __aeabi_drsub                            0x080004a1   Thumb Code     6  dadd.o(.text)
    __aeabi_dmul                             0x080004a7   Thumb Code   228  dmul.o(.text)
    __aeabi_ui2f                             0x0800058b   Thumb Code    10  ffltui.o(.text)
    __aeabi_f2uiz                            0x08000595   Thumb Code    40  ffixui.o(.text)
    __aeabi_f2d                              0x080005bd   Thumb Code    38  f2d.o(.text)
    __aeabi_d2f                              0x080005e3   Thumb Code    56  d2f.o(.text)
    __aeabi_cfcmpeq                          0x0800061d   Thumb Code     0  cfcmple.o(.text)
    __aeabi_cfcmple                          0x0800061d   Thumb Code    20  cfcmple.o(.text)
    __aeabi_cfrcmple                         0x08000631   Thumb Code    20  cfrcmple.o(.text)
    __aeabi_llsl                             0x08000645   Thumb Code    30  llshl.o(.text)
    _ll_shift_l                              0x08000645   Thumb Code     0  llshl.o(.text)
    __aeabi_lasr                             0x08000663   Thumb Code    36  llsshr.o(.text)
    _ll_sshift_r                             0x08000663   Thumb Code     0  llsshr.o(.text)
    __I$use$fp                               0x08000687   Thumb Code     0  iusefp.o(.text)
    _float_round                             0x08000687   Thumb Code    18  fepilogue.o(.text)
    _float_epilogue                          0x08000699   Thumb Code    92  fepilogue.o(.text)
    _double_round                            0x080006f5   Thumb Code    30  depilogue.o(.text)
    _double_epilogue                         0x08000713   Thumb Code   156  depilogue.o(.text)
    __scatterload                            0x080007b1   Thumb Code    28  init.o(.text)
    __scatterload_rt2                        0x080007b1   Thumb Code     0  init.o(.text)
    __aeabi_llsr                             0x080007d5   Thumb Code    32  llushr.o(.text)
    _ll_ushift_r                             0x080007d5   Thumb Code     0  llushr.o(.text)
    ADC_Cmd                                  0x080007f5   Thumb Code    24  stm32f10x_adc.o(i.ADC_Cmd)
    ADC_Configuration                        0x0800080d   Thumb Code   262  driver_linearmovement.o(i.ADC_Configuration)
    ADC_DMACmd                               0x08000931   Thumb Code    24  stm32f10x_adc.o(i.ADC_DMACmd)
    ADC_GetCalibrationStatus                 0x08000949   Thumb Code    14  stm32f10x_adc.o(i.ADC_GetCalibrationStatus)
    ADC_GetResetCalibrationStatus            0x08000957   Thumb Code    14  stm32f10x_adc.o(i.ADC_GetResetCalibrationStatus)
    ADC_Init                                 0x08000965   Thumb Code    62  stm32f10x_adc.o(i.ADC_Init)
    ADC_RegularChannelConfig                 0x080009ad   Thumb Code   116  stm32f10x_adc.o(i.ADC_RegularChannelConfig)
    ADC_ResetCalibration                     0x08000a21   Thumb Code    10  stm32f10x_adc.o(i.ADC_ResetCalibration)
    ADC_SoftwareStartConvCmd                 0x08000a2b   Thumb Code    24  stm32f10x_adc.o(i.ADC_SoftwareStartConvCmd)
    ADC_StartCalibration                     0x08000a43   Thumb Code    10  stm32f10x_adc.o(i.ADC_StartCalibration)
    BSP_GPIO_EXTI_Init                       0x08000a4d   Thumb Code   110  bsp_exti.o(i.BSP_GPIO_EXTI_Init)
    BSP_GPIO_Init                            0x08000abb   Thumb Code    38  bsp_gpio.o(i.BSP_GPIO_Init)
    BSP_GPIO_RCC_Init                        0x08000ae1   Thumb Code    76  bsp_gpio.o(i.BSP_GPIO_RCC_Init)
    BSP_TIM_INT_Init                         0x08000b49   Thumb Code    98  bsp_timer.o(i.BSP_TIM_INT_Init)
    BSP_TIM_RCC_Init                         0x08000bad   Thumb Code   198  bsp_timer.o(i.BSP_TIM_RCC_Init)
    BusFault_Handler                         0x08000ca9   Thumb Code     2  stm32f10x_it.o(i.BusFault_Handler)
    DMA_Cmd                                  0x08000cad   Thumb Code    26  stm32f10x_dma.o(i.DMA_Cmd)
    DMA_DeInit                               0x08000cc9   Thumb Code   238  stm32f10x_dma.o(i.DMA_DeInit)
    DMA_Init                                 0x08000dc1   Thumb Code    58  stm32f10x_dma.o(i.DMA_Init)
    DebugMon_Handler                         0x08000dfb   Thumb Code     2  stm32f10x_it.o(i.DebugMon_Handler)
    EXTI4_IRQHandler                         0x08000dfd   Thumb Code    52  driver_echo.o(i.EXTI4_IRQHandler)
    EXTI9_5_IRQDivision                      0x08000e41   Thumb Code   246  driver_echo.o(i.EXTI9_5_IRQDivision)
    EXTI9_5_IRQHandler                       0x08000f59   Thumb Code     4  driver_echo.o(i.EXTI9_5_IRQHandler)
    EXTI_ClearITPendingBit                   0x08000f5d   Thumb Code     6  stm32f10x_exti.o(i.EXTI_ClearITPendingBit)
    EXTI_GetITStatus                         0x08000f69   Thumb Code    28  stm32f10x_exti.o(i.EXTI_GetITStatus)
    EXTI_Init                                0x08000f89   Thumb Code   110  stm32f10x_exti.o(i.EXTI_Init)
    FLASH_ClearFlag                          0x08000ffd   Thumb Code     6  stm32f10x_flash.o(i.FLASH_ClearFlag)
    FLASH_ErasePage                          0x08001009   Thumb Code    56  stm32f10x_flash.o(i.FLASH_ErasePage)
    FLASH_GetBank1Status                     0x08001045   Thumb Code    34  stm32f10x_flash.o(i.FLASH_GetBank1Status)
    FLASH_Lock                               0x0800106d   Thumb Code    12  stm32f10x_flash.o(i.FLASH_Lock)
    FLASH_ProgramHalfWord                    0x0800107d   Thumb Code    48  stm32f10x_flash.o(i.FLASH_ProgramHalfWord)
    FLASH_Unlock                             0x080010b1   Thumb Code    12  stm32f10x_flash.o(i.FLASH_Unlock)
    FLASH_WaitForLastOperation               0x080010c9   Thumb Code    32  stm32f10x_flash.o(i.FLASH_WaitForLastOperation)
    GPIO_EXTILineConfig                      0x080010e9   Thumb Code    34  stm32f10x_gpio.o(i.GPIO_EXTILineConfig)
    GPIO_Init                                0x08001111   Thumb Code   166  stm32f10x_gpio.o(i.GPIO_Init)
    GPIO_PinRemapConfig                      0x080011b9   Thumb Code    86  stm32f10x_gpio.o(i.GPIO_PinRemapConfig)
    GPIO_ReadInputDataBit                    0x08001215   Thumb Code    14  stm32f10x_gpio.o(i.GPIO_ReadInputDataBit)
    GPIO_ResetBits                           0x08001223   Thumb Code     4  stm32f10x_gpio.o(i.GPIO_ResetBits)
    GPIO_SetBits                             0x08001227   Thumb Code     4  stm32f10x_gpio.o(i.GPIO_SetBits)
    GPIO_TO_EXTI_Line                        0x0800122b   Thumb Code   160  bsp_exti.o(i.GPIO_TO_EXTI_Line)
    GPIO_TO_EXTI_PinSource                   0x080012cb   Thumb Code   152  bsp_exti.o(i.GPIO_TO_EXTI_PinSource)
    GPIO_TO_EXTI_PortSource                  0x08001365   Thumb Code    72  bsp_exti.o(i.GPIO_TO_EXTI_PortSource)
    GPIO_TO_NVIC_IRQChannel                  0x080013c9   Thumb Code   152  bsp_exti.o(i.GPIO_TO_NVIC_IRQChannel)
    GUIUpdate                                0x08001461   Thumb Code    56  gui.o(i.GUIUpdate)
    GUI_Init                                 0x080014a9   Thumb Code    34  gui.o(i.GUI_Init)
    GUI_OLEDInit                             0x080014dd   Thumb Code     4  gui.o(i.GUI_OLEDInit)
    HardFault_Handler                        0x080014e1   Thumb Code    28  stm32f10x_it.o(i.HardFault_Handler)
    MemManage_Handler                        0x0800152f   Thumb Code     2  stm32f10x_it.o(i.MemManage_Handler)
    NMI_Handler                              0x08001531   Thumb Code     2  stm32f10x_it.o(i.NMI_Handler)
    NVIC_Init                                0x08001535   Thumb Code    96  misc.o(i.NVIC_Init)
    NVIC_PriorityGroupConfig                 0x08001599   Thumb Code    10  misc.o(i.NVIC_PriorityGroupConfig)
    OLED_Clear                               0x080015cd   Thumb Code    60  driver_oled.o(i.OLED_Clear)
    OLED_Delay                               0x08001609   Thumb Code    22  driver_oled.o(i.OLED_Delay)
    OLED_Set_Pos                             0x0800161f   Thumb Code    40  driver_oled.o(i.OLED_Set_Pos)
    OLED_ShowChar                            0x08001649   Thumb Code   134  driver_oled.o(i.OLED_ShowChar)
    OLED_ShowNum                             0x080016d9   Thumb Code   112  driver_oled.o(i.OLED_ShowNum)
    OLED_ShowString                          0x08001749   Thumb Code    54  driver_oled.o(i.OLED_ShowString)
    OLED_WR_Byte                             0x08001781   Thumb Code   106  driver_oled.o(i.OLED_WR_Byte)
    RCC_AHBPeriphClockCmd                    0x080017f5   Thumb Code    22  stm32f10x_rcc.o(i.RCC_AHBPeriphClockCmd)
    RCC_APB1PeriphClockCmd                   0x08001811   Thumb Code    22  stm32f10x_rcc.o(i.RCC_APB1PeriphClockCmd)
    RCC_APB2PeriphClockCmd                   0x0800182d   Thumb Code    22  stm32f10x_rcc.o(i.RCC_APB2PeriphClockCmd)
    RCC_GetClocksFreq                        0x08001849   Thumb Code   154  stm32f10x_rcc.o(i.RCC_GetClocksFreq)
    RS485_InitTXE                            0x080018f5   Thumb Code    38  bsp_uart_fifo.o(i.RS485_InitTXE)
    SysTick_Handler                          0x080019d5   Thumb Code    30  port.o(i.SysTick_Handler)
    SystemInit                               0x080019f9   Thumb Code    64  system_stm32f10x.o(i.SystemInit)
    TIM23_GPIO_Config                        0x08001a49   Thumb Code    94  driver_steering_engine_speed.o(i.TIM23_GPIO_Config)
    TIM23_PWM_Init                           0x08001ab5   Thumb Code   202  driver_steering_engine_speed.o(i.TIM23_PWM_Init)
    TIM4_IRQHandler                          0x08001b85   Thumb Code    76  driver_echo.o(i.TIM4_IRQHandler)
    TIM_ARRPreloadConfig                     0x08001bd9   Thumb Code    24  stm32f10x_tim.o(i.TIM_ARRPreloadConfig)
    TIM_ClearFlag                            0x08001bf1   Thumb Code     6  stm32f10x_tim.o(i.TIM_ClearFlag)
    TIM_ClearITPendingBit                    0x08001bf7   Thumb Code     6  stm32f10x_tim.o(i.TIM_ClearITPendingBit)
    TIM_Cmd                                  0x08001bfd   Thumb Code    24  stm32f10x_tim.o(i.TIM_Cmd)
    TIM_GetITStatus                          0x08001c15   Thumb Code    24  stm32f10x_tim.o(i.TIM_GetITStatus)
    TIM_ITConfig                             0x08001c2d   Thumb Code    20  stm32f10x_tim.o(i.TIM_ITConfig)
    TIM_OC1Init                              0x08001c41   Thumb Code   114  stm32f10x_tim.o(i.TIM_OC1Init)
    TIM_OC1PreloadConfig                     0x08001cc9   Thumb Code    12  stm32f10x_tim.o(i.TIM_OC1PreloadConfig)
    TIM_OC2Init                              0x08001cd5   Thumb Code   128  stm32f10x_tim.o(i.TIM_OC2Init)
    TIM_OC2PreloadConfig                     0x08001d5d   Thumb Code    20  stm32f10x_tim.o(i.TIM_OC2PreloadConfig)
    TIM_OC3Init                              0x08001d71   Thumb Code   124  stm32f10x_tim.o(i.TIM_OC3Init)
    TIM_OC3PreloadConfig                     0x08001df5   Thumb Code    12  stm32f10x_tim.o(i.TIM_OC3PreloadConfig)
    TIM_OC4Init                              0x08001e01   Thumb Code    94  stm32f10x_tim.o(i.TIM_OC4Init)
    TIM_OC4PreloadConfig                     0x08001e69   Thumb Code    20  stm32f10x_tim.o(i.TIM_OC4PreloadConfig)
    TIM_SetCompare1                          0x08001e7d   Thumb Code     4  stm32f10x_tim.o(i.TIM_SetCompare1)
    TIM_SetCompare2                          0x08001e81   Thumb Code     4  stm32f10x_tim.o(i.TIM_SetCompare2)
    TIM_TO_NVIC_IRQChannel                   0x08001e85   Thumb Code    82  bsp_timer.o(i.TIM_TO_NVIC_IRQChannel)
    TIM_TimeBaseInit                         0x08001ef5   Thumb Code   114  stm32f10x_tim.o(i.TIM_TimeBaseInit)
    USART1_IRQHandler                        0x08001f91   Thumb Code    42  hj_usart_irq.o(i.USART1_IRQHandler)
    USART_Cmd                                0x08001fc5   Thumb Code    24  stm32f10x_usart.o(i.USART_Cmd)
    USART_GetFlagStatus                      0x08001fdd   Thumb Code    14  stm32f10x_usart.o(i.USART_GetFlagStatus)
    USART_GetITStatus                        0x08001feb   Thumb Code    64  stm32f10x_usart.o(i.USART_GetITStatus)
    USART_ITConfig                           0x0800202b   Thumb Code    54  stm32f10x_usart.o(i.USART_ITConfig)
    USART_Init                               0x08002061   Thumb Code   182  stm32f10x_usart.o(i.USART_Init)
    USART_ReceiveData                        0x0800211d   Thumb Code     8  stm32f10x_usart.o(i.USART_ReceiveData)
    UsageFault_Handler                       0x08002127   Thumb Code     2  stm32f10x_it.o(i.UsageFault_Handler)
    __scatterload_copy                       0x08002129   Thumb Code    14  handlers.o(i.__scatterload_copy)
    __scatterload_null                       0x08002137   Thumb Code     2  handlers.o(i.__scatterload_null)
    __scatterload_zeroinit                   0x08002139   Thumb Code    14  handlers.o(i.__scatterload_zeroinit)
    adFunction                               0x08002149   Thumb Code   108  gui_oled.o(i.adFunction)
    adShowData                               0x080021d1   Thumb Code    32  gui_oled.o(i.adShowData)
    app_FlashReadUdata                       0x080021f1   Thumb Code    32  app_flash.o(i.app_FlashReadUdata)
    app_FlashWriteUdata                      0x08002219   Thumb Code    32  app_flash.o(i.app_FlashWriteUdata)
    app_Init                                 0x08002241   Thumb Code    42  main.o(i.app_Init)
    app_LeftWheel                            0x0800226d   Thumb Code    36  app_walk.o(i.app_LeftWheel)
    app_ParameterInit                        0x08002299   Thumb Code   138  app.o(i.app_ParameterInit)
    app_RightWheel                           0x08002331   Thumb Code    36  app_walk.o(i.app_RightWheel)
    app_WorkCommandReset                     0x0800235d   Thumb Code    24  app_work.o(i.app_WorkCommandReset)
    app_WorkTask                             0x08002379   Thumb Code    30  app_work.o(i.app_WorkTask)
    app_WorkTaskInit                         0x0800239d   Thumb Code    32  app_work.o(i.app_WorkTaskInit)
    app_WorkUpdata                           0x080023cd   Thumb Code    28  app_work.o(i.app_WorkUpdata)
    app_behindTurn                           0x080023e9   Thumb Code    56  app_walk.o(i.app_behindTurn)
    app_calibration                          0x08002425   Thumb Code   298  app_walk.o(i.app_calibration)
    app_echoGetDistance                      0x08002579   Thumb Code    92  driver_echo.o(i.app_echoGetDistance)
    app_echoGettime                          0x080025e5   Thumb Code    14  driver_echo.o(i.app_echoGettime)
    app_echoInit                             0x080025f5   Thumb Code    38  app_echo.o(i.app_echoInit)
    app_echoOpentime                         0x08002631   Thumb Code    16  driver_echo.o(i.app_echoOpentime)
    app_echoTask                             0x08002645   Thumb Code    28  app_echo.o(i.app_echoTask)
    app_echoUpdata                           0x08002661   Thumb Code   156  app_echo.o(i.app_echoUpdata)
    app_fan                                  0x08002705   Thumb Code    38  app_work.o(i.app_fan)
    app_findEighthFire                       0x08002735   Thumb Code  1204  app_outfirerobottwowork.o(i.app_findEighthFire)
    app_findFire                             0x08002bf1   Thumb Code    92  app_walk.o(i.app_findFire)
    app_findFireTask                         0x08002c59   Thumb Code    22  app_findfire.o(i.app_findFireTask)
    app_findFirstFire                        0x08002c71   Thumb Code   450  app_outfirerobotonework.o(i.app_findFirstFire)
    app_findFourthFire                       0x08002e55   Thumb Code  2244  app_outfirerobottwowork.o(i.app_findFourthFire)
    app_findNinthFire                        0x0800371d   Thumb Code   558  app_outfirerobotonework.o(i.app_findNinthFire)
    app_findSecondFire                       0x0800397d   Thumb Code   274  app_outfirerobotonework.o(i.app_findSecondFire)
    app_findSeventhFire                      0x08003aad   Thumb Code   592  app_outfirerobottwowork.o(i.app_findSeventhFire)
    app_findSixFire                          0x08003d21   Thumb Code   236  app_outfirerobottwowork.o(i.app_findSixFire)
    app_findThirdFire                        0x08003e25   Thumb Code   744  app_outfirerobotonework.o(i.app_findThirdFire)
    app_frontTurn                            0x08004135   Thumb Code   170  app_walk.o(i.app_frontTurn)
    app_goBack                               0x080041e5   Thumb Code   148  app_walk.o(i.app_goBack)
    app_goOtherAction                        0x0800427d   Thumb Code   300  app_walk.o(i.app_goOtherAction)
    app_goStraight                           0x080043ad   Thumb Code    34  app_walk.o(i.app_goStraight)
    app_inputTask                            0x080043d9   Thumb Code    22  app_input.o(i.app_inputTask)
    app_inputTaskInit                        0x080043f1   Thumb Code    32  app_input.o(i.app_inputTaskInit)
    app_inputUpdata                          0x08004421   Thumb Code    20  app_input.o(i.app_inputUpdata)
    app_judgeFunc                            0x08004439   Thumb Code   156  app_work.o(i.app_judgeFunc)
    app_outfireOneRobotTask                  0x080044dd   Thumb Code    30  app_work.o(i.app_outfireOneRobotTask)
    app_outfireOneWorkDoing                  0x08004501   Thumb Code    56  app_outfirerobotonework.o(i.app_outfireOneWorkDoing)
    app_outfireOneWorkReady                  0x0800453d   Thumb Code    54  app_outfirerobotonework.o(i.app_outfireOneWorkReady)
    app_outfireTwoRobotTask                  0x08004579   Thumb Code    30  app_work.o(i.app_outfireTwoRobotTask)
    app_outfireTwoWorkDoing                  0x0800459d   Thumb Code    58  app_outfirerobottwowork.o(i.app_outfireTwoWorkDoing)
    app_outfireTwoWorkReady                  0x080045dd   Thumb Code    56  app_outfirerobottwowork.o(i.app_outfireTwoWorkReady)
    app_rescueRobotTask                      0x08004619   Thumb Code     2  app_work.o(i.app_rescueRobotTask)
    app_returnFromEighthFire                 0x0800461d   Thumb Code   338  app_outfirerobottwowork.o(i.app_returnFromEighthFire)
    app_returnFromFourthFire                 0x0800478d   Thumb Code   358  app_outfirerobottwowork.o(i.app_returnFromFourthFire)
    app_returnFromSenventhFire               0x08004911   Thumb Code   220  app_outfirerobottwowork.o(i.app_returnFromSenventhFire)
    app_returnFromSixthFire                  0x08004a01   Thumb Code   256  app_outfirerobottwowork.o(i.app_returnFromSixthFire)
    app_returnFunc                           0x08004b19   Thumb Code  1152  app_outfirerobotonework.o(i.app_returnFunc)
    app_reverseTurn                          0x08004f9d   Thumb Code   160  app_walk.o(i.app_reverseTurn)
    app_setZero                              0x08005041   Thumb Code    40  app_walk.o(i.app_setZero)
    app_turnAngleDirection                   0x08005075   Thumb Code   110  app_walk.o(i.app_turnAngleDirection)
    app_walkStop                             0x080050f5   Thumb Code    40  app_walk.o(i.app_walkStop)
    app_walkTask                             0x08005129   Thumb Code    28  app_walk.o(i.app_walkTask)
    app_walkTaskInit                         0x08005145   Thumb Code    32  app_walk.o(i.app_walkTaskInit)
    app_walkWaysChoose                       0x08005175   Thumb Code   522  app_walk.o(i.app_walkWaysChoose)
    appfindFireUpdata                        0x0800538d   Thumb Code     6  app_findfire.o(i.appfindFireUpdata)
    appfindFire_Init                         0x08005399   Thumb Code    32  app_findfire.o(i.appfindFire_Init)
    bsp_CmpCpuFlash                          0x0800543d   Thumb Code    56  bsp_cpu_flash.o(i.bsp_CmpCpuFlash)
    bsp_GetSector                            0x08005479   Thumb Code     6  bsp_cpu_flash.o(i.bsp_GetSector)
    bsp_Init                                 0x0800547f   Thumb Code    22  bsp.o(i.bsp_Init)
    bsp_InitLed                              0x08005495   Thumb Code   106  bsp_led.o(i.bsp_InitLed)
    bsp_InitUart                             0x08005505   Thumb Code    22  bsp_uart_fifo.o(i.bsp_InitUart)
    bsp_LedOff                               0x0800551d   Thumb Code    50  bsp_led.o(i.bsp_LedOff)
    bsp_ReadCpuFlash                         0x08005555   Thumb Code    42  bsp_cpu_flash.o(i.bsp_ReadCpuFlash)
    bsp_WriteCpuFlash                        0x08005585   Thumb Code   162  bsp_cpu_flash.o(i.bsp_WriteCpuFlash)
    calibrationGostraight                    0x0800562d   Thumb Code   362  app_walk.o(i.calibrationGostraight)
    checkFire                                0x080057b5   Thumb Code    50  app_work.o(i.checkFire)
    driverKeyDetection                       0x0800585d   Thumb Code   106  driver_key.o(i.driverKeyDetection)
    driverKeyNowStateUpdate                  0x080058d1   Thumb Code    66  driver_key.o(i.driverKeyNowStateUpdate)
    driverKeyReturn                          0x08005921   Thumb Code    38  driver_key.o(i.driverKeyReturn)
    driverPhotoelectricSwitchNowStateUpdate  0x08005949   Thumb Code    58  driver_photoelectric_switch.o(i.driverPhotoelectricSwitchNowStateUpdate)
    driver_FanMotorGPIOConfig                0x0800598d   Thumb Code    48  driver_fan_motor.o(i.driver_FanMotorGPIOConfig)
    driver_FanMotorOff                       0x080059d1   Thumb Code    14  driver_fan_motor.o(i.driver_FanMotorOff)
    driver_Init                              0x080059e5   Thumb Code    46  driver.o(i.driver_Init)
    driver_InitFanMotor                      0x08005a19   Thumb Code     4  driver_fan_motor.o(i.driver_InitFanMotor)
    driver_InitKeyHard                       0x08005a1d   Thumb Code    96  driver_key.o(i.driver_InitKeyHard)
    driver_InitOLED                          0x08005a85   Thumb Code   414  driver_oled.o(i.driver_InitOLED)
    driver_InitPhotoelectricSwitchHard       0x08005c2d   Thumb Code    96  driver_photoelectric_switch.o(i.driver_InitPhotoelectricSwitchHard)
    driver_InitSteeringEngineSpeed           0x08005c91   Thumb Code    14  driver_steering_engine_speed.o(i.driver_InitSteeringEngineSpeed)
    driver_echo                              0x08005ca1   Thumb Code   234  driver_echo.o(i.driver_echo)
    echoRes                                  0x08005dc5   Thumb Code    56  driver_echo.o(i.echoRes)
    echo_Delay                               0x08005e01   Thumb Code    22  app_echo.o(i.echo_Delay)
    echo_deviceInit                          0x08005e19   Thumb Code    38  driver_echo.o(i.echo_deviceInit)
    fanTest                                  0x08005ebd   Thumb Code    90  gui_oled.o(i.fanTest)
    fireChoose                               0x08005f29   Thumb Code   918  gui_oled.o(i.fireChoose)
    getadc_average                           0x08006331   Thumb Code    78  driver_linearmovement.o(i.getadc_average)
    main                                     0x0800638d   Thumb Code    20  main.o(i.main)
    malloc                                   0x080063a1   Thumb Code    92  malloc.o(i.malloc)
    menuInit                                 0x0800640d   Thumb Code   962  gui_oled.o(i.menuInit)
    menuUpdate                               0x080069a5   Thumb Code   368  gui_oled.o(i.menuUpdate)
    oled_pow                                 0x08006b51   Thumb Code    16  driver_oled.o(i.oled_pow)
    parameterCalibration                     0x08006b61   Thumb Code   370  gui_oled.o(i.parameterCalibration)
    pvPortMalloc                             0x08006f45   Thumb Code   178  heap_4.o(i.pvPortMalloc)
    pxPortInitialiseStack                    0x08006ffd   Thumb Code    20  port.o(i.pxPortInitialiseStack)
    resetGUIState                            0x08007015   Thumb Code    20  gui.o(i.resetGUIState)
    returnHome                               0x08007031   Thumb Code    52  app_outfirerobottwowork.o(i.returnHome)
    saveGUIFinish                            0x08007065   Thumb Code    22  gui.o(i.saveGUIFinish)
    testSr04Data                             0x080070d9   Thumb Code    30  gui_oled.o(i.testSr04Data)
    testSr04Function                         0x080070f9   Thumb Code   136  gui_oled.o(i.testSr04Function)
    testWalkFuction                          0x080071a5   Thumb Code  1400  gui_oled.o(i.testWalkFuction)
    uxListRemove                             0x08007781   Thumb Code    36  list.o(i.uxListRemove)
    vListInitialise                          0x080077a5   Thumb Code    22  list.o(i.vListInitialise)
    vListInitialiseItem                      0x080077bb   Thumb Code     6  list.o(i.vListInitialiseItem)
    vListInsert                              0x080077c1   Thumb Code    48  list.o(i.vListInsert)
    vListInsertEnd                           0x080077f1   Thumb Code    24  list.o(i.vListInsertEnd)
    vPortEnterCritical                       0x08007809   Thumb Code    46  port.o(i.vPortEnterCritical)
    vPortExitCritical                        0x08007841   Thumb Code    34  port.o(i.vPortExitCritical)
    vPortFree                                0x08007869   Thumb Code    68  heap_4.o(i.vPortFree)
    vPortSetupTimerInterrupt                 0x080078b1   Thumb Code    14  port.o(i.vPortSetupTimerInterrupt)
    vPortYield                               0x080078c5   Thumb Code    18  port.o(i.vPortYield)
    vTaskDelay                               0x080078dd   Thumb Code    80  tasks.o(i.vTaskDelay)
    vTaskDelayUntil                          0x08007931   Thumb Code   128  tasks.o(i.vTaskDelayUntil)
    vTaskStartScheduler                      0x080079b5   Thumb Code    66  tasks.o(i.vTaskStartScheduler)
    vTaskSuspendAll                          0x08007a09   Thumb Code    10  tasks.o(i.vTaskSuspendAll)
    vTaskSwitchContext                       0x08007a19   Thumb Code    78  tasks.o(i.vTaskSwitchContext)
    wifi_Init                                0x08007a71   Thumb Code   154  hj_usart.o(i.wifi_Init)
    workChoose                               0x08007b15   Thumb Code   124  gui_oled.o(i.workChoose)
    xPortStartScheduler                      0x08007bb5   Thumb Code   104  port.o(i.xPortStartScheduler)
    xTaskGenericCreate                       0x08007c29   Thumb Code   234  tasks.o(i.xTaskGenericCreate)
    xTaskGetTickCount                        0x08007d1d   Thumb Code     6  tasks.o(i.xTaskGetTickCount)
    xTaskIncrementTick                       0x08007d29   Thumb Code   188  tasks.o(i.xTaskIncrementTick)
    xTaskResumeAll                           0x08007ded   Thumb Code   166  tasks.o(i.xTaskResumeAll)
    F6x8                                     0x08007e9c   Data         552  driver_oled.o(.constdata)
    F8X16                                    0x080080c4   Data        1520  driver_oled.o(.constdata)
    BSP_GPIOC0_Base                          0x080086b4   Data           8  bsp_gpio.o(.constdata)
    BSP_GPIOC1_Base                          0x080086bc   Data           8  bsp_gpio.o(.constdata)
    BSP_GPIOC2_Base                          0x080086c4   Data           8  bsp_gpio.o(.constdata)
    BSP_GPIOC3_Base                          0x080086cc   Data           8  bsp_gpio.o(.constdata)
    BSP_GPIOD7_Base                          0x080086d4   Data           8  bsp_gpio.o(.constdata)
    BSP_GPIOD12_Base                         0x080086dc   Data           8  bsp_gpio.o(.constdata)
    BSP_GPIOD13_Base                         0x080086e4   Data           8  bsp_gpio.o(.constdata)
    BSP_GPIOD14_Base                         0x080086ec   Data           8  bsp_gpio.o(.constdata)
    BSP_GPIOD15_Base                         0x080086f4   Data           8  bsp_gpio.o(.constdata)
    BSP_GPIOE4_Base                          0x080086fc   Data           8  bsp_gpio.o(.constdata)
    BSP_GPIOE5_Base                          0x08008704   Data           8  bsp_gpio.o(.constdata)
    BSP_GPIOE6_Base                          0x0800870c   Data           8  bsp_gpio.o(.constdata)
    BSP_GPIOE7_Base                          0x08008714   Data           8  bsp_gpio.o(.constdata)
    BSP_GPIOE8_Base                          0x0800871c   Data           8  bsp_gpio.o(.constdata)
    BSP_GPIOE9_Base                          0x08008724   Data           8  bsp_gpio.o(.constdata)
    BSP_GPIOE10_Base                         0x0800872c   Data           8  bsp_gpio.o(.constdata)
    BSP_GPIOE11_Base                         0x08008734   Data           8  bsp_gpio.o(.constdata)
    BSP_GPIOE12_Base                         0x0800873c   Data           8  bsp_gpio.o(.constdata)
    BSP_GPIOE13_Base                         0x08008744   Data           8  bsp_gpio.o(.constdata)
    BSP_GPIOE14_Base                         0x0800874c   Data           8  bsp_gpio.o(.constdata)
    BSP_GPIOE15_Base                         0x08008754   Data           8  bsp_gpio.o(.constdata)
    Region$$Table$$Base                      0x0800875c   Number         0  anon$$obj.o(Region$$Table)
    Region$$Table$$Limit                     0x0800877c   Number         0  anon$$obj.o(Region$$Table)
    gui                                      0x20000000   Data           8  gui.o(.data)
    faning                                   0x2000000c   Data           4  gui_oled.o(.data)
    currentMenu                              0x20000014   Data           4  gui_oled.o(.data)
    oled                                     0x20000018   Data           8  gui_oled.o(.data)
    version                                  0x20000020   Data           1  app.o(.data)
    calibrationFinish                        0x20000021   Data           1  app_walk.o(.data)
    differenceValue                          0x20000024   Data           4  app_walk.o(.data)
    robotSelect                              0x20000028   Data           1  app_work.o(.data)
    ultrasonicTask                           0x2000002c   Data           2  app_echo.o(.data)
    loop                                     0x20000030   Data           4  app_echo.o(.data)
    adcTestData                              0x20000034   Data           8  app_findfire.o(.data)
    photoelectricSwitch                      0x2000003c   Data           5  driver_photoelectric_switch.o(.data)
    srfFlg                                   0x20000042   Data           1  driver_echo.o(.data)
    command                                  0x20000043   Data           1  hj_usart_irq.o(.data)
    pxCurrentTCB                             0x20000058   Data           4  tasks.o(.data)
    __microlib_freelist                      0x200000b4   Data           4  mvars.o(.data)
    __microlib_freelist_initialised          0x200000b8   Data           4  mvars.o(.data)
    GUI                                      0x200000bc   Data          44  gui.o(.bss)
    appGui                                   0x200000e8   Data          12  gui.o(.bss)
    mainMenu                                 0x200000f4   Data         120  gui_oled.o(.bss)
    testModeMenu                             0x2000016c   Data         120  gui_oled.o(.bss)
    workChooseMenu                           0x200001e4   Data         120  gui_oled.o(.bss)
    fireChooseMenu                           0x2000025c   Data         120  gui_oled.o(.bss)
    testWalkMenu                             0x200002d4   Data         120  gui_oled.o(.bss)
    FOMenu                                   0x2000034c   Data         120  gui_oled.o(.bss)
    FTMenu                                   0x200003c4   Data         120  gui_oled.o(.bss)
    RMenu                                    0x2000043c   Data         120  gui_oled.o(.bss)
    outfireRobotState                        0x200004b4   Data          34  app.o(.bss)
    rescueRobotState                         0x200004d6   Data          15  app.o(.bss)
    parameter                                0x200004e8   Data         116  app.o(.bss)
    appWalk                                  0x2000055c   Data          12  app_walk.o(.bss)
    appInput                                 0x20000568   Data          12  app_input.o(.bss)
    appWork                                  0x20000574   Data          12  app_work.o(.bss)
    appTimer                                 0x20000580   Data          12  app_echo.o(.bss)
    appfindFire                              0x2000058c   Data          12  app_findfire.o(.bss)
    key                                      0x20000598   Data          12  driver_key.o(.bss)
    SRF_04_Data1                             0x200005a4   Data          40  driver_echo.o(.bss)
    SRF_04_Data2                             0x200005cc   Data          40  driver_echo.o(.bss)
    SRF_04_Data3                             0x200005f4   Data          40  driver_echo.o(.bss)
    SRF_04_Data4                             0x2000061c   Data          40  driver_echo.o(.bss)
    SRF_04_Data5                             0x20000644   Data          40  driver_echo.o(.bss)
    SRF_04_Data6                             0x2000066c   Data          40  driver_echo.o(.bss)
    adc_raw_value                            0x200006bc   Data          80  driver_linearmovement.o(.bss)
    average_dis                              0x2000070c   Data          16  driver_linearmovement.o(.bss)
    adcFilters                               0x2000071c   Data          80  driver_linearmovement.o(.bss)
    speedFilters                             0x2000076c   Data          80  driver_linearmovement.o(.bss)
    __heap_base                              0x20006cc0   Data           0  startup_stm32f10x_cl.o(HEAP)
    __heap_limit                             0x20006ec0   Data           0  startup_stm32f10x_cl.o(HEAP)
    __initial_sp                             0x200072c0   Data           0  startup_stm32f10x_cl.o(STACK)



==============================================================================

Memory Map of the image

  Image Entry point : 0x08000151

  Load Region LR_IROM1 (Base: 0x08000000, Size: 0x00008838, Max: 0x00040000, ABSOLUTE)

    Execution Region ER_IROM1 (Exec base: 0x08000000, Load base: 0x08000000, Size: 0x0000877c, Max: 0x00040000, ABSOLUTE)

    Exec Addr    Load Addr    Size         Type   Attr      Idx    E Section Name        Object

    0x08000000   0x08000000   0x00000150   Data   RO         2428    RESET               startup_stm32f10x_cl.o
    0x08000150   0x08000150   0x00000000   Code   RO         4864  * .ARM.Collect$$$$00000000  mc_w.l(entry.o)
    0x08000150   0x08000150   0x00000004   Code   RO         5187    .ARM.Collect$$$$00000001  mc_w.l(entry2.o)
    0x08000154   0x08000154   0x00000004   Code   RO         5190    .ARM.Collect$$$$00000004  mc_w.l(entry5.o)
    0x08000158   0x08000158   0x00000000   Code   RO         5192    .ARM.Collect$$$$00000008  mc_w.l(entry7b.o)
    0x08000158   0x08000158   0x00000000   Code   RO         5194    .ARM.Collect$$$$0000000A  mc_w.l(entry8b.o)
    0x08000158   0x08000158   0x00000008   Code   RO         5195    .ARM.Collect$$$$0000000B  mc_w.l(entry9a.o)
    0x08000160   0x08000160   0x00000000   Code   RO         5197    .ARM.Collect$$$$0000000D  mc_w.l(entry10a.o)
    0x08000160   0x08000160   0x00000000   Code   RO         5199    .ARM.Collect$$$$0000000F  mc_w.l(entry11a.o)
    0x08000160   0x08000160   0x00000004   Code   RO         5188    .ARM.Collect$$$$00002712  mc_w.l(entry2.o)
    0x08000164   0x08000164   0x000000a2   Code   RO         4646    .emb_text           port.o
    0x08000206   0x08000206   0x00000002   PAD
    0x08000208   0x08000208   0x00000024   Code   RO         2429    .text               startup_stm32f10x_cl.o
    0x0800022c   0x0800022c   0x000000b0   Code   RO         5161    .text               mf_w.l(fadd.o)
    0x080002dc   0x080002dc   0x00000064   Code   RO         5163    .text               mf_w.l(fmul.o)
    0x08000340   0x08000340   0x00000018   Code   RO         5167    .text               mf_w.l(fscalb.o)
    0x08000358   0x08000358   0x0000014e   Code   RO         5169    .text               mf_w.l(dadd.o)
    0x080004a6   0x080004a6   0x000000e4   Code   RO         5171    .text               mf_w.l(dmul.o)
    0x0800058a   0x0800058a   0x0000000a   Code   RO         5175    .text               mf_w.l(ffltui.o)
    0x08000594   0x08000594   0x00000028   Code   RO         5177    .text               mf_w.l(ffixui.o)
    0x080005bc   0x080005bc   0x00000026   Code   RO         5179    .text               mf_w.l(f2d.o)
    0x080005e2   0x080005e2   0x00000038   Code   RO         5181    .text               mf_w.l(d2f.o)
    0x0800061a   0x0800061a   0x00000002   PAD
    0x0800061c   0x0800061c   0x00000014   Code   RO         5183    .text               mf_w.l(cfcmple.o)
    0x08000630   0x08000630   0x00000014   Code   RO         5185    .text               mf_w.l(cfrcmple.o)
    0x08000644   0x08000644   0x0000001e   Code   RO         5206    .text               mc_w.l(llshl.o)
    0x08000662   0x08000662   0x00000024   Code   RO         5208    .text               mc_w.l(llsshr.o)
    0x08000686   0x08000686   0x00000000   Code   RO         5212    .text               mc_w.l(iusefp.o)
    0x08000686   0x08000686   0x0000006e   Code   RO         5213    .text               mf_w.l(fepilogue.o)
    0x080006f4   0x080006f4   0x000000ba   Code   RO         5215    .text               mf_w.l(depilogue.o)
    0x080007ae   0x080007ae   0x00000002   PAD
    0x080007b0   0x080007b0   0x00000024   Code   RO         5223    .text               mc_w.l(init.o)
    0x080007d4   0x080007d4   0x00000020   Code   RO         5225    .text               mc_w.l(llushr.o)
    0x080007f4   0x080007f4   0x00000018   Code   RO         3741    i.ADC_Cmd           stm32f10x_adc.o
    0x0800080c   0x0800080c   0x00000124   Code   RO         1626    i.ADC_Configuration  driver_linearmovement.o
    0x08000930   0x08000930   0x00000018   Code   RO         3742    i.ADC_DMACmd        stm32f10x_adc.o
    0x08000948   0x08000948   0x0000000e   Code   RO         3749    i.ADC_GetCalibrationStatus  stm32f10x_adc.o
    0x08000956   0x08000956   0x0000000e   Code   RO         3755    i.ADC_GetResetCalibrationStatus  stm32f10x_adc.o
    0x08000964   0x08000964   0x00000048   Code   RO         3759    i.ADC_Init          stm32f10x_adc.o
    0x080009ac   0x080009ac   0x00000074   Code   RO         3763    i.ADC_RegularChannelConfig  stm32f10x_adc.o
    0x08000a20   0x08000a20   0x0000000a   Code   RO         3764    i.ADC_ResetCalibration  stm32f10x_adc.o
    0x08000a2a   0x08000a2a   0x00000018   Code   RO         3766    i.ADC_SoftwareStartConvCmd  stm32f10x_adc.o
    0x08000a42   0x08000a42   0x0000000a   Code   RO         3768    i.ADC_StartCalibration  stm32f10x_adc.o
    0x08000a4c   0x08000a4c   0x0000006e   Code   RO         2166    i.BSP_GPIO_EXTI_Init  bsp_exti.o
    0x08000aba   0x08000aba   0x00000026   Code   RO         2217    i.BSP_GPIO_Init     bsp_gpio.o
    0x08000ae0   0x08000ae0   0x00000068   Code   RO         2218    i.BSP_GPIO_RCC_Init  bsp_gpio.o
    0x08000b48   0x08000b48   0x00000062   Code   RO         2376    i.BSP_TIM_INT_Init  bsp_timer.o
    0x08000baa   0x08000baa   0x00000002   PAD
    0x08000bac   0x08000bac   0x000000fc   Code   RO         2378    i.BSP_TIM_RCC_Init  bsp_timer.o
    0x08000ca8   0x08000ca8   0x00000002   Code   RO         1971    i.BusFault_Handler  stm32f10x_it.o
    0x08000caa   0x08000caa   0x00000002   Code   RO         1825    i.ConfigUartNVIC    bsp_uart_fifo.o
    0x08000cac   0x08000cac   0x0000001a   Code   RO         4029    i.DMA_Cmd           stm32f10x_dma.o
    0x08000cc6   0x08000cc6   0x00000002   PAD
    0x08000cc8   0x08000cc8   0x000000f8   Code   RO         4030    i.DMA_DeInit        stm32f10x_dma.o
    0x08000dc0   0x08000dc0   0x0000003a   Code   RO         4035    i.DMA_Init          stm32f10x_dma.o
    0x08000dfa   0x08000dfa   0x00000002   Code   RO         1972    i.DebugMon_Handler  stm32f10x_it.o
    0x08000dfc   0x08000dfc   0x00000044   Code   RO         1539    i.EXTI4_IRQHandler  driver_echo.o
    0x08000e40   0x08000e40   0x00000118   Code   RO         1540    i.EXTI9_5_IRQDivision  driver_echo.o
    0x08000f58   0x08000f58   0x00000004   Code   RO         1541    i.EXTI9_5_IRQHandler  driver_echo.o
    0x08000f5c   0x08000f5c   0x0000000c   Code   RO         3966    i.EXTI_ClearITPendingBit  stm32f10x_exti.o
    0x08000f68   0x08000f68   0x00000020   Code   RO         3970    i.EXTI_GetITStatus  stm32f10x_exti.o
    0x08000f88   0x08000f88   0x00000074   Code   RO         3971    i.EXTI_Init         stm32f10x_exti.o
    0x08000ffc   0x08000ffc   0x0000000c   Code   RO         2997    i.FLASH_ClearFlag   stm32f10x_flash.o
    0x08001008   0x08001008   0x0000003c   Code   RO         3002    i.FLASH_ErasePage   stm32f10x_flash.o
    0x08001044   0x08001044   0x00000028   Code   RO         3003    i.FLASH_GetBank1Status  stm32f10x_flash.o
    0x0800106c   0x0800106c   0x00000010   Code   RO         3012    i.FLASH_Lock        stm32f10x_flash.o
    0x0800107c   0x0800107c   0x00000034   Code   RO         3015    i.FLASH_ProgramHalfWord  stm32f10x_flash.o
    0x080010b0   0x080010b0   0x00000018   Code   RO         3020    i.FLASH_Unlock      stm32f10x_flash.o
    0x080010c8   0x080010c8   0x00000020   Code   RO         3024    i.FLASH_WaitForLastOperation  stm32f10x_flash.o
    0x080010e8   0x080010e8   0x00000028   Code   RO         2482    i.GPIO_EXTILineConfig  stm32f10x_gpio.o
    0x08001110   0x08001110   0x000000a6   Code   RO         2485    i.GPIO_Init         stm32f10x_gpio.o
    0x080011b6   0x080011b6   0x00000002   PAD
    0x080011b8   0x080011b8   0x0000005c   Code   RO         2487    i.GPIO_PinRemapConfig  stm32f10x_gpio.o
    0x08001214   0x08001214   0x0000000e   Code   RO         2489    i.GPIO_ReadInputDataBit  stm32f10x_gpio.o
    0x08001222   0x08001222   0x00000004   Code   RO         2492    i.GPIO_ResetBits    stm32f10x_gpio.o
    0x08001226   0x08001226   0x00000004   Code   RO         2493    i.GPIO_SetBits      stm32f10x_gpio.o
    0x0800122a   0x0800122a   0x000000a0   Code   RO         2167    i.GPIO_TO_EXTI_Line  bsp_exti.o
    0x080012ca   0x080012ca   0x00000098   Code   RO         2168    i.GPIO_TO_EXTI_PinSource  bsp_exti.o
    0x08001362   0x08001362   0x00000002   PAD
    0x08001364   0x08001364   0x00000064   Code   RO         2169    i.GPIO_TO_EXTI_PortSource  bsp_exti.o
    0x080013c8   0x080013c8   0x00000098   Code   RO         2170    i.GPIO_TO_NVIC_IRQChannel  bsp_exti.o
    0x08001460   0x08001460   0x00000048   Code   RO          282    i.GUIUpdate         gui.o
    0x080014a8   0x080014a8   0x00000034   Code   RO          283    i.GUI_Init          gui.o
    0x080014dc   0x080014dc   0x00000004   Code   RO          284    i.GUI_OLEDInit      gui.o
    0x080014e0   0x080014e0   0x0000004c   Code   RO         1973    i.HardFault_Handler  stm32f10x_it.o
    0x0800152c   0x0800152c   0x00000002   Code   RO         1826    i.InitHardUart      bsp_uart_fifo.o
    0x0800152e   0x0800152e   0x00000002   Code   RO         1974    i.MemManage_Handler  stm32f10x_it.o
    0x08001530   0x08001530   0x00000002   Code   RO         1975    i.NMI_Handler       stm32f10x_it.o
    0x08001532   0x08001532   0x00000002   PAD
    0x08001534   0x08001534   0x00000064   Code   RO         2435    i.NVIC_Init         misc.o
    0x08001598   0x08001598   0x00000014   Code   RO         2436    i.NVIC_PriorityGroupConfig  misc.o
    0x080015ac   0x080015ac   0x00000020   Code   RO          429    i.OLEDKeyNoReset    gui_oled.o
    0x080015cc   0x080015cc   0x0000003c   Code   RO         1303    i.OLED_Clear        driver_oled.o
    0x08001608   0x08001608   0x00000016   Code   RO         1304    i.OLED_Delay        driver_oled.o
    0x0800161e   0x0800161e   0x00000028   Code   RO         1309    i.OLED_Set_Pos      driver_oled.o
    0x08001646   0x08001646   0x00000002   PAD
    0x08001648   0x08001648   0x00000090   Code   RO         1311    i.OLED_ShowChar     driver_oled.o
    0x080016d8   0x080016d8   0x00000070   Code   RO         1312    i.OLED_ShowNum      driver_oled.o
    0x08001748   0x08001748   0x00000036   Code   RO         1313    i.OLED_ShowString   driver_oled.o
    0x0800177e   0x0800177e   0x00000002   PAD
    0x08001780   0x08001780   0x00000074   Code   RO         1314    i.OLED_WR_Byte      driver_oled.o
    0x080017f4   0x080017f4   0x0000001c   Code   RO         2602    i.RCC_AHBPeriphClockCmd  stm32f10x_rcc.o
    0x08001810   0x08001810   0x0000001c   Code   RO         2603    i.RCC_APB1PeriphClockCmd  stm32f10x_rcc.o
    0x0800182c   0x0800182c   0x0000001c   Code   RO         2605    i.RCC_APB2PeriphClockCmd  stm32f10x_rcc.o
    0x08001848   0x08001848   0x000000ac   Code   RO         2613    i.RCC_GetClocksFreq  stm32f10x_rcc.o
    0x080018f4   0x080018f4   0x0000002c   Code   RO         1827    i.RS485_InitTXE     bsp_uart_fifo.o
    0x08001920   0x08001920   0x00000004   Code   RO         4107    i.SetSysClock       system_stm32f10x.o
    0x08001924   0x08001924   0x000000b0   Code   RO         4108    i.SetSysClockTo72   system_stm32f10x.o
    0x080019d4   0x080019d4   0x00000024   Code   RO         4647    i.SysTick_Handler   port.o
    0x080019f8   0x080019f8   0x00000050   Code   RO         4110    i.SystemInit        system_stm32f10x.o
    0x08001a48   0x08001a48   0x0000006c   Code   RO         1418    i.TIM23_GPIO_Config  driver_steering_engine_speed.o
    0x08001ab4   0x08001ab4   0x000000d0   Code   RO         1419    i.TIM23_PWM_Init    driver_steering_engine_speed.o
    0x08001b84   0x08001b84   0x00000054   Code   RO         1542    i.TIM4_IRQHandler   driver_echo.o
    0x08001bd8   0x08001bd8   0x00000018   Code   RO         3183    i.TIM_ARRPreloadConfig  stm32f10x_tim.o
    0x08001bf0   0x08001bf0   0x00000006   Code   RO         3189    i.TIM_ClearFlag     stm32f10x_tim.o
    0x08001bf6   0x08001bf6   0x00000006   Code   RO         3190    i.TIM_ClearITPendingBit  stm32f10x_tim.o
    0x08001bfc   0x08001bfc   0x00000018   Code   RO         3195    i.TIM_Cmd           stm32f10x_tim.o
    0x08001c14   0x08001c14   0x00000018   Code   RO         3216    i.TIM_GetITStatus   stm32f10x_tim.o
    0x08001c2c   0x08001c2c   0x00000014   Code   RO         3220    i.TIM_ITConfig      stm32f10x_tim.o
    0x08001c40   0x08001c40   0x00000088   Code   RO         3224    i.TIM_OC1Init       stm32f10x_tim.o
    0x08001cc8   0x08001cc8   0x0000000c   Code   RO         3227    i.TIM_OC1PreloadConfig  stm32f10x_tim.o
    0x08001cd4   0x08001cd4   0x00000088   Code   RO         3229    i.TIM_OC2Init       stm32f10x_tim.o
    0x08001d5c   0x08001d5c   0x00000014   Code   RO         3232    i.TIM_OC2PreloadConfig  stm32f10x_tim.o
    0x08001d70   0x08001d70   0x00000084   Code   RO         3234    i.TIM_OC3Init       stm32f10x_tim.o
    0x08001df4   0x08001df4   0x0000000c   Code   RO         3237    i.TIM_OC3PreloadConfig  stm32f10x_tim.o
    0x08001e00   0x08001e00   0x00000068   Code   RO         3239    i.TIM_OC4Init       stm32f10x_tim.o
    0x08001e68   0x08001e68   0x00000014   Code   RO         3241    i.TIM_OC4PreloadConfig  stm32f10x_tim.o
    0x08001e7c   0x08001e7c   0x00000004   Code   RO         3256    i.TIM_SetCompare1   stm32f10x_tim.o
    0x08001e80   0x08001e80   0x00000004   Code   RO         3257    i.TIM_SetCompare2   stm32f10x_tim.o
    0x08001e84   0x08001e84   0x00000070   Code   RO         2380    i.TIM_TO_NVIC_IRQChannel  bsp_timer.o
    0x08001ef4   0x08001ef4   0x0000009c   Code   RO         3266    i.TIM_TimeBaseInit  stm32f10x_tim.o
    0x08001f90   0x08001f90   0x00000034   Code   RO         1729    i.USART1_IRQHandler  hj_usart_irq.o
    0x08001fc4   0x08001fc4   0x00000018   Code   RO         2813    i.USART_Cmd         stm32f10x_usart.o
    0x08001fdc   0x08001fdc   0x0000000e   Code   RO         2816    i.USART_GetFlagStatus  stm32f10x_usart.o
    0x08001fea   0x08001fea   0x00000040   Code   RO         2817    i.USART_GetITStatus  stm32f10x_usart.o
    0x0800202a   0x0800202a   0x00000036   Code   RO         2819    i.USART_ITConfig    stm32f10x_usart.o
    0x08002060   0x08002060   0x000000bc   Code   RO         2820    i.USART_Init        stm32f10x_usart.o
    0x0800211c   0x0800211c   0x00000008   Code   RO         2827    i.USART_ReceiveData  stm32f10x_usart.o
    0x08002124   0x08002124   0x00000002   Code   RO         1835    i.UartVarInit       bsp_uart_fifo.o
    0x08002126   0x08002126   0x00000002   Code   RO         1976    i.UsageFault_Handler  stm32f10x_it.o
    0x08002128   0x08002128   0x0000000e   Code   RO         5229    i.__scatterload_copy  mc_w.l(handlers.o)
    0x08002136   0x08002136   0x00000002   Code   RO         5230    i.__scatterload_null  mc_w.l(handlers.o)
    0x08002138   0x08002138   0x0000000e   Code   RO         5231    i.__scatterload_zeroinit  mc_w.l(handlers.o)
    0x08002146   0x08002146   0x00000002   PAD
    0x08002148   0x08002148   0x00000088   Code   RO          430    i.adFunction        gui_oled.o
    0x080021d0   0x080021d0   0x00000020   Code   RO          431    i.adShowData        gui_oled.o
    0x080021f0   0x080021f0   0x00000028   Code   RO          901    i.app_FlashReadUdata  app_flash.o
    0x08002218   0x08002218   0x00000028   Code   RO          902    i.app_FlashWriteUdata  app_flash.o
    0x08002240   0x08002240   0x0000002a   Code   RO            3    i.app_Init          main.o
    0x0800226a   0x0800226a   0x00000002   PAD
    0x0800226c   0x0800226c   0x0000002c   Code   RO          621    i.app_LeftWheel     app_walk.o
    0x08002298   0x08002298   0x00000098   Code   RO          587    i.app_ParameterInit  app.o
    0x08002330   0x08002330   0x0000002c   Code   RO          622    i.app_RightWheel    app_walk.o
    0x0800235c   0x0800235c   0x0000001c   Code   RO          807    i.app_WorkCommandReset  app_work.o
    0x08002378   0x08002378   0x00000024   Code   RO          808    i.app_WorkTask      app_work.o
    0x0800239c   0x0800239c   0x00000030   Code   RO          809    i.app_WorkTaskInit  app_work.o
    0x080023cc   0x080023cc   0x0000001c   Code   RO          810    i.app_WorkUpdata    app_work.o
    0x080023e8   0x080023e8   0x0000003c   Code   RO          623    i.app_behindTurn    app_walk.o
    0x08002424   0x08002424   0x00000154   Code   RO          624    i.app_calibration   app_walk.o
    0x08002578   0x08002578   0x0000006c   Code   RO         1543    i.app_echoGetDistance  driver_echo.o
    0x080025e4   0x080025e4   0x0000000e   Code   RO         1544    i.app_echoGettime   driver_echo.o
    0x080025f2   0x080025f2   0x00000002   PAD
    0x080025f4   0x080025f4   0x0000003c   Code   RO          927    i.app_echoInit      app_echo.o
    0x08002630   0x08002630   0x00000014   Code   RO         1545    i.app_echoOpentime  driver_echo.o
    0x08002644   0x08002644   0x0000001c   Code   RO          928    i.app_echoTask      app_echo.o
    0x08002660   0x08002660   0x000000a4   Code   RO          929    i.app_echoUpdata    app_echo.o
    0x08002704   0x08002704   0x00000030   Code   RO          811    i.app_fan           app_work.o
    0x08002734   0x08002734   0x000004bc   Code   RO         1029    i.app_findEighthFire  app_outfirerobottwowork.o
    0x08002bf0   0x08002bf0   0x00000068   Code   RO          625    i.app_findFire      app_walk.o
    0x08002c58   0x08002c58   0x00000016   Code   RO         1212    i.app_findFireTask  app_findfire.o
    0x08002c6e   0x08002c6e   0x00000002   PAD
    0x08002c70   0x08002c70   0x000001e4   Code   RO          973    i.app_findFirstFire  app_outfirerobotonework.o
    0x08002e54   0x08002e54   0x000008c8   Code   RO         1030    i.app_findFourthFire  app_outfirerobottwowork.o
    0x0800371c   0x0800371c   0x00000260   Code   RO          974    i.app_findNinthFire  app_outfirerobotonework.o
    0x0800397c   0x0800397c   0x00000130   Code   RO          975    i.app_findSecondFire  app_outfirerobotonework.o
    0x08003aac   0x08003aac   0x00000274   Code   RO         1031    i.app_findSeventhFire  app_outfirerobottwowork.o
    0x08003d20   0x08003d20   0x00000104   Code   RO         1032    i.app_findSixFire   app_outfirerobottwowork.o
    0x08003e24   0x08003e24   0x00000310   Code   RO          976    i.app_findThirdFire  app_outfirerobotonework.o
    0x08004134   0x08004134   0x000000b0   Code   RO          626    i.app_frontTurn     app_walk.o
    0x080041e4   0x080041e4   0x00000098   Code   RO          627    i.app_goBack        app_walk.o
    0x0800427c   0x0800427c   0x00000130   Code   RO          628    i.app_goOtherAction  app_walk.o
    0x080043ac   0x080043ac   0x0000002c   Code   RO          629    i.app_goStraight    app_walk.o
    0x080043d8   0x080043d8   0x00000016   Code   RO          772    i.app_inputTask     app_input.o
    0x080043ee   0x080043ee   0x00000002   PAD
    0x080043f0   0x080043f0   0x00000030   Code   RO          773    i.app_inputTaskInit  app_input.o
    0x08004420   0x08004420   0x00000018   Code   RO          774    i.app_inputUpdata   app_input.o
    0x08004438   0x08004438   0x000000a4   Code   RO          813    i.app_judgeFunc     app_work.o
    0x080044dc   0x080044dc   0x00000024   Code   RO          814    i.app_outfireOneRobotTask  app_work.o
    0x08004500   0x08004500   0x0000003c   Code   RO          977    i.app_outfireOneWorkDoing  app_outfirerobotonework.o
    0x0800453c   0x0800453c   0x0000003c   Code   RO          978    i.app_outfireOneWorkReady  app_outfirerobotonework.o
    0x08004578   0x08004578   0x00000024   Code   RO          815    i.app_outfireTwoRobotTask  app_work.o
    0x0800459c   0x0800459c   0x00000040   Code   RO         1033    i.app_outfireTwoWorkDoing  app_outfirerobottwowork.o
    0x080045dc   0x080045dc   0x0000003c   Code   RO         1034    i.app_outfireTwoWorkReady  app_outfirerobottwowork.o
    0x08004618   0x08004618   0x00000002   Code   RO          816    i.app_rescueRobotTask  app_work.o
    0x0800461a   0x0800461a   0x00000002   PAD
    0x0800461c   0x0800461c   0x00000170   Code   RO         1035    i.app_returnFromEighthFire  app_outfirerobottwowork.o
    0x0800478c   0x0800478c   0x00000184   Code   RO         1036    i.app_returnFromFourthFire  app_outfirerobottwowork.o
    0x08004910   0x08004910   0x000000f0   Code   RO         1037    i.app_returnFromSenventhFire  app_outfirerobottwowork.o
    0x08004a00   0x08004a00   0x00000118   Code   RO         1038    i.app_returnFromSixthFire  app_outfirerobottwowork.o
    0x08004b18   0x08004b18   0x00000484   Code   RO          979    i.app_returnFunc    app_outfirerobotonework.o
    0x08004f9c   0x08004f9c   0x000000a4   Code   RO          630    i.app_reverseTurn   app_walk.o
    0x08005040   0x08005040   0x00000034   Code   RO          631    i.app_setZero       app_walk.o
    0x08005074   0x08005074   0x00000080   Code   RO          632    i.app_turnAngleDirection  app_walk.o
    0x080050f4   0x080050f4   0x00000034   Code   RO          633    i.app_walkStop      app_walk.o
    0x08005128   0x08005128   0x0000001c   Code   RO          634    i.app_walkTask      app_walk.o
    0x08005144   0x08005144   0x00000030   Code   RO          635    i.app_walkTaskInit  app_walk.o
    0x08005174   0x08005174   0x00000218   Code   RO          636    i.app_walkWaysChoose  app_walk.o
    0x0800538c   0x0800538c   0x0000000c   Code   RO         1213    i.appfindFireUpdata  app_findfire.o
    0x08005398   0x08005398   0x0000002c   Code   RO         1214    i.appfindFire_Init  app_findfire.o
    0x080053c4   0x080053c4   0x00000054   Code   RO          432    i.backHandle        gui_oled.o
    0x08005418   0x08005418   0x00000024   Code   RO          433    i.backOn            gui_oled.o
    0x0800543c   0x0800543c   0x0000003c   Code   RO         2042    i.bsp_CmpCpuFlash   bsp_cpu_flash.o
    0x08005478   0x08005478   0x00000006   Code   RO         2043    i.bsp_GetSector     bsp_cpu_flash.o
    0x0800547e   0x0800547e   0x00000016   Code   RO         1757    i.bsp_Init          bsp.o
    0x08005494   0x08005494   0x00000070   Code   RO         1780    i.bsp_InitLed       bsp_led.o
    0x08005504   0x08005504   0x00000016   Code   RO         1836    i.bsp_InitUart      bsp_uart_fifo.o
    0x0800551a   0x0800551a   0x00000002   PAD
    0x0800551c   0x0800551c   0x00000038   Code   RO         1782    i.bsp_LedOff        bsp_led.o
    0x08005554   0x08005554   0x00000030   Code   RO         2044    i.bsp_ReadCpuFlash  bsp_cpu_flash.o
    0x08005584   0x08005584   0x000000a8   Code   RO         2045    i.bsp_WriteCpuFlash  bsp_cpu_flash.o
    0x0800562c   0x0800562c   0x00000188   Code   RO          637    i.calibrationGostraight  app_walk.o
    0x080057b4   0x080057b4   0x00000040   Code   RO          817    i.checkFire         app_work.o
    0x080057f4   0x080057f4   0x00000068   Code   RO          434    i.downHandle        gui_oled.o
    0x0800585c   0x0800585c   0x00000074   Code   RO         1494    i.driverKeyDetection  driver_key.o
    0x080058d0   0x080058d0   0x00000050   Code   RO         1495    i.driverKeyNowStateUpdate  driver_key.o
    0x08005920   0x08005920   0x00000026   Code   RO         1496    i.driverKeyReturn   driver_key.o
    0x08005946   0x08005946   0x00000002   PAD
    0x08005948   0x08005948   0x00000044   Code   RO         1271    i.driverPhotoelectricSwitchNowStateUpdate  driver_photoelectric_switch.o
    0x0800598c   0x0800598c   0x00000044   Code   RO         1452    i.driver_FanMotorGPIOConfig  driver_fan_motor.o
    0x080059d0   0x080059d0   0x00000014   Code   RO         1453    i.driver_FanMotorOff  driver_fan_motor.o
    0x080059e4   0x080059e4   0x00000034   Code   RO         1251    i.driver_Init       driver.o
    0x08005a18   0x08005a18   0x00000004   Code   RO         1454    i.driver_InitFanMotor  driver_fan_motor.o
    0x08005a1c   0x08005a1c   0x00000068   Code   RO         1497    i.driver_InitKeyHard  driver_key.o
    0x08005a84   0x08005a84   0x000001a8   Code   RO         1315    i.driver_InitOLED   driver_oled.o
    0x08005c2c   0x08005c2c   0x00000064   Code   RO         1272    i.driver_InitPhotoelectricSwitchHard  driver_photoelectric_switch.o
    0x08005c90   0x08005c90   0x0000000e   Code   RO         1420    i.driver_InitSteeringEngineSpeed  driver_steering_engine_speed.o
    0x08005c9e   0x08005c9e   0x00000002   PAD
    0x08005ca0   0x08005ca0   0x00000124   Code   RO         1546    i.driver_echo       driver_echo.o
    0x08005dc4   0x08005dc4   0x0000003c   Code   RO         1547    i.echoRes           driver_echo.o
    0x08005e00   0x08005e00   0x00000016   Code   RO          930    i.echo_Delay        app_echo.o
    0x08005e16   0x08005e16   0x00000002   PAD
    0x08005e18   0x08005e18   0x0000002c   Code   RO         1548    i.echo_deviceInit   driver_echo.o
    0x08005e44   0x08005e44   0x0000004c   Code   RO          435    i.enterHandle       gui_oled.o
    0x08005e90   0x08005e90   0x0000002c   Code   RO          436    i.enterOn           gui_oled.o
    0x08005ebc   0x08005ebc   0x0000006c   Code   RO          437    i.fanTest           gui_oled.o
    0x08005f28   0x08005f28   0x00000408   Code   RO          438    i.fireChoose        gui_oled.o
    0x08006330   0x08006330   0x0000005c   Code   RO         1632    i.getadc_average    driver_linearmovement.o
    0x0800638c   0x0800638c   0x00000014   Code   RO            4    i.main              main.o
    0x080063a0   0x080063a0   0x0000006c   Code   RO         5134    i.malloc            mc_w.l(malloc.o)
    0x0800640c   0x0800640c   0x00000584   Code   RO          440    i.menuInit          gui_oled.o
    0x08006990   0x08006990   0x00000012   Code   RO          441    i.menuReset         gui_oled.o
    0x080069a2   0x080069a2   0x00000002   PAD
    0x080069a4   0x080069a4   0x00000194   Code   RO          442    i.menuUpdate        gui_oled.o
    0x08006b38   0x08006b38   0x00000018   Code   RO          443    i.nullHandle        gui_oled.o
    0x08006b50   0x08006b50   0x00000010   Code   RO         1317    i.oled_pow          driver_oled.o
    0x08006b60   0x08006b60   0x00000180   Code   RO          444    i.parameterCalibration  gui_oled.o
    0x08006ce0   0x08006ce0   0x00000038   Code   RO         4384    i.prvAddCurrentTaskToDelayedList  tasks.o
    0x08006d18   0x08006d18   0x00000030   Code   RO         4385    i.prvAllocateTCBAndStack  tasks.o
    0x08006d48   0x08006d48   0x00000054   Code   RO         4386    i.prvCheckTasksWaitingTermination  tasks.o
    0x08006d9c   0x08006d9c   0x00000014   Code   RO         4387    i.prvDeleteTCB      tasks.o
    0x08006db0   0x08006db0   0x0000004c   Code   RO         4717    i.prvHeapInit       heap_4.o
    0x08006dfc   0x08006dfc   0x00000018   Code   RO         4388    i.prvIdleTask       tasks.o
    0x08006e14   0x08006e14   0x00000048   Code   RO         4389    i.prvInitialiseTCBVariables  tasks.o
    0x08006e5c   0x08006e5c   0x00000058   Code   RO         4390    i.prvInitialiseTaskLists  tasks.o
    0x08006eb4   0x08006eb4   0x00000054   Code   RO         4718    i.prvInsertBlockIntoFreeList  heap_4.o
    0x08006f08   0x08006f08   0x00000024   Code   RO         4391    i.prvResetNextTaskUnblockTime  tasks.o
    0x08006f2c   0x08006f2c   0x00000018   Code   RO         4648    i.prvTaskExitError  port.o
    0x08006f44   0x08006f44   0x000000b8   Code   RO         4719    i.pvPortMalloc      heap_4.o
    0x08006ffc   0x08006ffc   0x00000018   Code   RO         4649    i.pxPortInitialiseStack  port.o
    0x08007014   0x08007014   0x0000001c   Code   RO          285    i.resetGUIState     gui.o
    0x08007030   0x08007030   0x00000034   Code   RO         1039    i.returnHome        app_outfirerobottwowork.o
    0x08007064   0x08007064   0x00000020   Code   RO          286    i.saveGUIFinish     gui.o
    0x08007084   0x08007084   0x00000054   Code   RO          445    i.saveHandle        gui_oled.o
    0x080070d8   0x080070d8   0x0000001e   Code   RO          447    i.testSr04Data      gui_oled.o
    0x080070f6   0x080070f6   0x00000002   PAD
    0x080070f8   0x080070f8   0x000000ac   Code   RO          448    i.testSr04Function  gui_oled.o
    0x080071a4   0x080071a4   0x0000057c   Code   RO          449    i.testWalkFuction   gui_oled.o
    0x08007720   0x08007720   0x00000060   Code   RO          450    i.upHandle          gui_oled.o
    0x08007780   0x08007780   0x00000024   Code   RO         4230    i.uxListRemove      list.o
    0x080077a4   0x080077a4   0x00000016   Code   RO         4231    i.vListInitialise   list.o
    0x080077ba   0x080077ba   0x00000006   Code   RO         4232    i.vListInitialiseItem  list.o
    0x080077c0   0x080077c0   0x00000030   Code   RO         4233    i.vListInsert       list.o
    0x080077f0   0x080077f0   0x00000018   Code   RO         4234    i.vListInsertEnd    list.o
    0x08007808   0x08007808   0x00000038   Code   RO         4651    i.vPortEnterCritical  port.o
    0x08007840   0x08007840   0x00000028   Code   RO         4652    i.vPortExitCritical  port.o
    0x08007868   0x08007868   0x00000048   Code   RO         4720    i.vPortFree         heap_4.o
    0x080078b0   0x080078b0   0x00000014   Code   RO         4653    i.vPortSetupTimerInterrupt  port.o
    0x080078c4   0x080078c4   0x00000018   Code   RO         4655    i.vPortYield        port.o
    0x080078dc   0x080078dc   0x00000054   Code   RO         4398    i.vTaskDelay        tasks.o
    0x08007930   0x08007930   0x00000084   Code   RO         4399    i.vTaskDelayUntil   tasks.o
    0x080079b4   0x080079b4   0x00000054   Code   RO         4409    i.vTaskStartScheduler  tasks.o
    0x08007a08   0x08007a08   0x00000010   Code   RO         4411    i.vTaskSuspendAll   tasks.o
    0x08007a18   0x08007a18   0x00000058   Code   RO         4412    i.vTaskSwitchContext  tasks.o
    0x08007a70   0x08007a70   0x000000a4   Code   RO         1690    i.wifi_Init         hj_usart.o
    0x08007b14   0x08007b14   0x000000a0   Code   RO          451    i.workChoose        gui_oled.o
    0x08007bb4   0x08007bb4   0x00000074   Code   RO         4656    i.xPortStartScheduler  port.o
    0x08007c28   0x08007c28   0x000000f4   Code   RO         4414    i.xTaskGenericCreate  tasks.o
    0x08007d1c   0x08007d1c   0x0000000c   Code   RO         4417    i.xTaskGetTickCount  tasks.o
    0x08007d28   0x08007d28   0x000000c4   Code   RO         4419    i.xTaskIncrementTick  tasks.o
    0x08007dec   0x08007dec   0x000000b0   Code   RO         4424    i.xTaskResumeAll    tasks.o
    0x08007e9c   0x08007e9c   0x00000818   Data   RO         1318    .constdata          driver_oled.o
    0x080086b4   0x080086b4   0x00000008   Data   RO         2253    .constdata          bsp_gpio.o
    0x080086bc   0x080086bc   0x00000008   Data   RO         2254    .constdata          bsp_gpio.o
    0x080086c4   0x080086c4   0x00000008   Data   RO         2255    .constdata          bsp_gpio.o
    0x080086cc   0x080086cc   0x00000008   Data   RO         2256    .constdata          bsp_gpio.o
    0x080086d4   0x080086d4   0x00000008   Data   RO         2276    .constdata          bsp_gpio.o
    0x080086dc   0x080086dc   0x00000008   Data   RO         2281    .constdata          bsp_gpio.o
    0x080086e4   0x080086e4   0x00000008   Data   RO         2282    .constdata          bsp_gpio.o
    0x080086ec   0x080086ec   0x00000008   Data   RO         2283    .constdata          bsp_gpio.o
    0x080086f4   0x080086f4   0x00000008   Data   RO         2284    .constdata          bsp_gpio.o
    0x080086fc   0x080086fc   0x00000008   Data   RO         2289    .constdata          bsp_gpio.o
    0x08008704   0x08008704   0x00000008   Data   RO         2290    .constdata          bsp_gpio.o
    0x0800870c   0x0800870c   0x00000008   Data   RO         2291    .constdata          bsp_gpio.o
    0x08008714   0x08008714   0x00000008   Data   RO         2292    .constdata          bsp_gpio.o
    0x0800871c   0x0800871c   0x00000008   Data   RO         2293    .constdata          bsp_gpio.o
    0x08008724   0x08008724   0x00000008   Data   RO         2294    .constdata          bsp_gpio.o
    0x0800872c   0x0800872c   0x00000008   Data   RO         2295    .constdata          bsp_gpio.o
    0x08008734   0x08008734   0x00000008   Data   RO         2296    .constdata          bsp_gpio.o
    0x0800873c   0x0800873c   0x00000008   Data   RO         2297    .constdata          bsp_gpio.o
    0x08008744   0x08008744   0x00000008   Data   RO         2298    .constdata          bsp_gpio.o
    0x0800874c   0x0800874c   0x00000008   Data   RO         2299    .constdata          bsp_gpio.o
    0x08008754   0x08008754   0x00000008   Data   RO         2300    .constdata          bsp_gpio.o
    0x0800875c   0x0800875c   0x00000020   Data   RO         5227    Region$$Table       anon$$obj.o


    Execution Region RW_IRAM1 (Exec base: 0x20000000, Load base: 0x0800877c, Size: 0x000072c0, Max: 0x0000c000, ABSOLUTE)

    Exec Addr    Load Addr    Size         Type   Attr      Idx    E Section Name        Object

    0x20000000   0x0800877c   0x00000008   Data   RW          288    .data               gui.o
    0x20000008   0x08008784   0x00000018   Data   RW          458    .data               gui_oled.o
    0x20000020   0x0800879c   0x00000001   Data   RW          592    .data               app.o
    0x20000021   0x0800879d   0x00000001   Data   RW          641    .data               app_walk.o
    0x20000022   0x0800879e   0x00000002   PAD
    0x20000024   0x080087a0   0x00000004   Data   RW          642    .data               app_walk.o
    0x20000028   0x080087a4   0x00000001   Data   RW          821    .data               app_work.o
    0x20000029   0x080087a5   0x00000003   PAD
    0x2000002c   0x080087a8   0x00000008   Data   RW          932    .data               app_echo.o
    0x20000034   0x080087b0   0x00000008   Data   RW         1216    .data               app_findfire.o
    0x2000003c   0x080087b8   0x00000005   Data   RW         1273    .data               driver_photoelectric_switch.o
    0x20000041   0x080087bd   0x00000001   Data   RW         1499    .data               driver_key.o
    0x20000042   0x080087be   0x00000001   Data   RW         1551    .data               driver_echo.o
    0x20000043   0x080087bf   0x00000001   Data   RW         1731    .data               hj_usart_irq.o
    0x20000044   0x080087c0   0x00000014   Data   RW         2633    .data               stm32f10x_rcc.o
    0x20000058   0x080087d4   0x00000038   Data   RW         4427    .data               tasks.o
    0x20000090   0x0800880c   0x0000000c   Data   RW         4657    .data               port.o
    0x2000009c   0x08008818   0x00000018   Data   RW         4725    .data               heap_4.o
    0x200000b4   0x08008830   0x00000004   Data   RW         5210    .data               mc_w.l(mvars.o)
    0x200000b8   0x08008834   0x00000004   Data   RW         5211    .data               mc_w.l(mvars.o)
    0x200000bc        -       0x00000038   Zero   RW          287    .bss                gui.o
    0x200000f4        -       0x000003c0   Zero   RW          452    .bss                gui_oled.o
    0x200004b4        -       0x00000022   Zero   RW          588    .bss                app.o
    0x200004d6        -       0x0000000f   Zero   RW          589    .bss                app.o
    0x200004e5   0x08008838   0x00000003   PAD
    0x200004e8        -       0x00000074   Zero   RW          590    .bss                app.o
    0x2000055c        -       0x0000000c   Zero   RW          639    .bss                app_walk.o
    0x20000568        -       0x0000000c   Zero   RW          775    .bss                app_input.o
    0x20000574        -       0x0000000c   Zero   RW          818    .bss                app_work.o
    0x20000580        -       0x0000000c   Zero   RW          931    .bss                app_echo.o
    0x2000058c        -       0x0000000c   Zero   RW         1215    .bss                app_findfire.o
    0x20000598        -       0x0000000c   Zero   RW         1498    .bss                driver_key.o
    0x200005a4        -       0x000000f0   Zero   RW         1550    .bss                driver_echo.o
    0x20000694        -       0x00000128   Zero   RW         1633    .bss                driver_linearmovement.o
    0x200007bc        -       0x00000104   Zero   RW         4426    .bss                tasks.o
    0x200008c0        -       0x00006400   Zero   RW         4724    .bss                heap_4.o
    0x20006cc0        -       0x00000200   Zero   RW         2427    HEAP                startup_stm32f10x_cl.o
    0x20006ec0        -       0x00000400   Zero   RW         2426    STACK               startup_stm32f10x_cl.o


==============================================================================

Image component sizes


      Code (inc. data)   RO Data    RW Data    ZI Data      Debug   Object Name

       152         14          0          1        165       3757   app.o
       274         38          0          8         12       3209   app_echo.o
        78         18          0          8         12       2316   app_findfire.o
        80         16          0          0          0       1055   app_flash.o
        94         20          0          0         12       1809   app_input.o
      3456        270          0          0          0       7550   app_outfirerobotonework.o
      5800        462          0          0          0      12488   app_outfirerobottwowork.o
      2668        252          0          5         12      18107   app_walk.o
       490         70          0          1         12      11117   app_work.o
        22          0          0          0          0        475   bsp.o
       282         16          0          0          0       3773   bsp_cpu_flash.o
       674         28          0          0          0       6130   bsp_exti.o
       142         28        168          0          0      12704   bsp_gpio.o
       168         12          0          0          0       1123   bsp_led.o
       462         84          0          0          0       3179   bsp_timer.o
        72          6          0          0          0       2399   bsp_uart_fifo.o
        52          6          0          0          0        522   driver.o
       974        154          0          1        240       8148   driver_echo.o
        92         26          0          0          0       1531   driver_fan_motor.o
       338         32          0          1         12       4120   driver_key.o
       384         44          0          0        296       3739   driver_linearmovement.o
       988         30       2072          0          0       8996   driver_oled.o
       168         14          0          5          0       2141   driver_photoelectric_switch.o
       330         20          0          0          0       2010   driver_steering_engine_speed.o
       188         52          0          8         56      11646   gui.o
      5872        950          0         24        960      20886   gui_oled.o
       416         24          0         24      25600       4131   heap_4.o
       164         10          0          0          0        692   hj_usart.o
        52         10          0          1          0        839   hj_usart_irq.o
       136          0          0          0          0       3170   list.o
        62          0          0          0          0     307138   main.o
       120         14          0          0          0       1799   misc.o
       502         66          0         12          0       7405   port.o
        36          8        336          0       1536        916   startup_stm32f10x_cl.o
       308         10          0          0          0       8373   stm32f10x_adc.o
       332         10          0          0          0       3970   stm32f10x_dma.o
       160         16          0          0          0       2536   stm32f10x_exti.o
       236         36          0          0          0       4528   stm32f10x_flash.o
       320         12          0          0          0       5696   stm32f10x_gpio.o
        86         48          0          0          0       2877   stm32f10x_it.o
       256         36          0         20          0       5598   stm32f10x_rcc.o
       840         90          0          0          0      12865   stm32f10x_tim.o
       352          6          0          0          0       6428   stm32f10x_usart.o
       260         26          0          0          0       2005   system_stm32f10x.o
      1460        114          0         56        260      14922   tasks.o

    ----------------------------------------------------------------------
     30436       3198       2608        180      29188     550818   Object Totals
         0          0         32          0          0          0   (incl. Generated)
        38          0          0          5          3          0   (incl. Padding)

    ----------------------------------------------------------------------

      Code (inc. data)   RO Data    RW Data    ZI Data      Debug   Library Member Name

         0          0          0          0          0          0   entry.o
         0          0          0          0          0          0   entry10a.o
         0          0          0          0          0          0   entry11a.o
         8          4          0          0          0          0   entry2.o
         4          0          0          0          0          0   entry5.o
         0          0          0          0          0          0   entry7b.o
         0          0          0          0          0          0   entry8b.o
         8          4          0          0          0          0   entry9a.o
        30          0          0          0          0          0   handlers.o
        36          8          0          0          0         68   init.o
         0          0          0          0          0          0   iusefp.o
        30          0          0          0          0         68   llshl.o
        36          0          0          0          0         68   llsshr.o
        32          0          0          0          0         68   llushr.o
       108         16          0          0          0         84   malloc.o
         0          0          0          8          0          0   mvars.o
        20          0          0          0          0         68   cfcmple.o
        20          0          0          0          0         68   cfrcmple.o
        56          0          0          0          0         88   d2f.o
       334          0          0          0          0        148   dadd.o
       186          0          0          0          0        176   depilogue.o
       228          0          0          0          0         96   dmul.o
        38          0          0          0          0         68   f2d.o
       176          0          0          0          0        140   fadd.o
       110          0          0          0          0        168   fepilogue.o
        40          0          0          0          0         68   ffixui.o
        10          0          0          0          0         68   ffltui.o
       100          0          0          0          0         76   fmul.o
        24          0          0          0          0         68   fscalb.o

    ----------------------------------------------------------------------
      1640         32          0          8          0       1656   Library Totals
         6          0          0          0          0          0   (incl. Padding)

    ----------------------------------------------------------------------

      Code (inc. data)   RO Data    RW Data    ZI Data      Debug   Library Name

       292         32          0          8          0        356   mc_w.l
      1342          0          0          0          0       1300   mf_w.l

    ----------------------------------------------------------------------
      1640         32          0          8          0       1656   Library Totals

    ----------------------------------------------------------------------

==============================================================================


      Code (inc. data)   RO Data    RW Data    ZI Data      Debug   

     32076       3230       2608        188      29188     539314   Grand Totals
     32076       3230       2608        188      29188     539314   ELF Image Totals
     32076       3230       2608        188          0          0   ROM Totals

==============================================================================

    Total RO  Size (Code + RO Data)                34684 (  33.87kB)
    Total RW  Size (RW Data + ZI Data)             29376 (  28.69kB)
    Total ROM Size (Code + RO Data + RW Data)      34872 (  34.05kB)

==============================================================================

